Component: ARM Compiler 5.05 update 1 (build 106) Tool: armlink [4d0efa]

==============================================================================

Section Cross References

    system_stm32f10x.o(i.SetSysClock) refers to system_stm32f10x.o(i.SetSysClockTo72) for SetSysClockTo72
    system_stm32f10x.o(i.SystemCoreClockUpdate) refers to system_stm32f10x.o(.data) for SystemCoreClock
    system_stm32f10x.o(i.SystemInit) refers to system_stm32f10x.o(i.SetSysClock) for SetSysClock
    startup_stm32f10x_hd.o(RESET) refers to startup_stm32f10x_hd.o(STACK) for __initial_sp
    startup_stm32f10x_hd.o(RESET) refers to startup_stm32f10x_hd.o(.text) for Reset_Handler
    startup_stm32f10x_hd.o(RESET) refers to stm32f10x_it.o(i.NMI_Handler) for NMI_Handler
    startup_stm32f10x_hd.o(RESET) refers to stm32f10x_it.o(i.HardFault_Handler) for HardFault_Handler
    startup_stm32f10x_hd.o(RESET) refers to stm32f10x_it.o(i.MemManage_Handler) for MemManage_Handler
    startup_stm32f10x_hd.o(RESET) refers to stm32f10x_it.o(i.BusFault_Handler) for BusFault_Handler
    startup_stm32f10x_hd.o(RESET) refers to stm32f10x_it.o(i.UsageFault_Handler) for UsageFault_Handler
    startup_stm32f10x_hd.o(RESET) refers to stm32f10x_it.o(i.SVC_Handler) for SVC_Handler
    startup_stm32f10x_hd.o(RESET) refers to stm32f10x_it.o(i.DebugMon_Handler) for DebugMon_Handler
    startup_stm32f10x_hd.o(RESET) refers to stm32f10x_it.o(i.PendSV_Handler) for PendSV_Handler
    startup_stm32f10x_hd.o(RESET) refers to stm32f10x_it.o(i.DMA1_Channel4_IRQHandler) for DMA1_Channel4_IRQHandler
    startup_stm32f10x_hd.o(RESET) refers to pwm_in.o(i.TIM2_IRQHandler) for TIM2_IRQHandler
    startup_stm32f10x_hd.o(RESET) refers to pwm_in.o(i.TIM3_IRQHandler) for TIM3_IRQHandler
    startup_stm32f10x_hd.o(RESET) refers to stm32f10x_it.o(i.USART1_IRQHandler) for USART1_IRQHandler
    startup_stm32f10x_hd.o(RESET) refers to stm32f10x_it.o(i.TIM5_IRQHandler) for TIM5_IRQHandler
    startup_stm32f10x_hd.o(.text) refers to system_stm32f10x.o(i.SystemInit) for SystemInit
    startup_stm32f10x_hd.o(.text) refers to entry.o(.ARM.Collect$$$$00000000) for __main
    stm32f10x_rcc.o(i.RCC_GetClocksFreq) refers to stm32f10x_rcc.o(.data) for APBAHBPrescTable
    stm32f10x_rcc.o(i.RCC_WaitForHSEStartUp) refers to stm32f10x_rcc.o(i.RCC_GetFlagStatus) for RCC_GetFlagStatus
    stm32f10x_usart.o(i.USART_DeInit) refers to stm32f10x_rcc.o(i.RCC_APB2PeriphResetCmd) for RCC_APB2PeriphResetCmd
    stm32f10x_usart.o(i.USART_DeInit) refers to stm32f10x_rcc.o(i.RCC_APB1PeriphResetCmd) for RCC_APB1PeriphResetCmd
    stm32f10x_usart.o(i.USART_Init) refers to stm32f10x_rcc.o(i.RCC_GetClocksFreq) for RCC_GetClocksFreq
    stm32f10x_gpio.o(i.GPIO_AFIODeInit) refers to stm32f10x_rcc.o(i.RCC_APB2PeriphResetCmd) for RCC_APB2PeriphResetCmd
    stm32f10x_gpio.o(i.GPIO_DeInit) refers to stm32f10x_rcc.o(i.RCC_APB2PeriphResetCmd) for RCC_APB2PeriphResetCmd
    stm32f10x_spi.o(i.I2S_Init) refers to stm32f10x_rcc.o(i.RCC_GetClocksFreq) for RCC_GetClocksFreq
    stm32f10x_spi.o(i.SPI_I2S_DeInit) refers to stm32f10x_rcc.o(i.RCC_APB2PeriphResetCmd) for RCC_APB2PeriphResetCmd
    stm32f10x_spi.o(i.SPI_I2S_DeInit) refers to stm32f10x_rcc.o(i.RCC_APB1PeriphResetCmd) for RCC_APB1PeriphResetCmd
    stm32f10x_tim.o(i.TIM_DeInit) refers to stm32f10x_rcc.o(i.RCC_APB2PeriphResetCmd) for RCC_APB2PeriphResetCmd
    stm32f10x_tim.o(i.TIM_DeInit) refers to stm32f10x_rcc.o(i.RCC_APB1PeriphResetCmd) for RCC_APB1PeriphResetCmd
    stm32f10x_tim.o(i.TIM_ETRClockMode1Config) refers to stm32f10x_tim.o(i.TIM_ETRConfig) for TIM_ETRConfig
    stm32f10x_tim.o(i.TIM_ETRClockMode2Config) refers to stm32f10x_tim.o(i.TIM_ETRConfig) for TIM_ETRConfig
    stm32f10x_tim.o(i.TIM_ICInit) refers to stm32f10x_tim.o(i.TI1_Config) for TI1_Config
    stm32f10x_tim.o(i.TIM_ICInit) refers to stm32f10x_tim.o(i.TIM_SetIC1Prescaler) for TIM_SetIC1Prescaler
    stm32f10x_tim.o(i.TIM_ICInit) refers to stm32f10x_tim.o(i.TI2_Config) for TI2_Config
    stm32f10x_tim.o(i.TIM_ICInit) refers to stm32f10x_tim.o(i.TIM_SetIC2Prescaler) for TIM_SetIC2Prescaler
    stm32f10x_tim.o(i.TIM_ICInit) refers to stm32f10x_tim.o(i.TI3_Config) for TI3_Config
    stm32f10x_tim.o(i.TIM_ICInit) refers to stm32f10x_tim.o(i.TIM_SetIC3Prescaler) for TIM_SetIC3Prescaler
    stm32f10x_tim.o(i.TIM_ICInit) refers to stm32f10x_tim.o(i.TI4_Config) for TI4_Config
    stm32f10x_tim.o(i.TIM_ICInit) refers to stm32f10x_tim.o(i.TIM_SetIC4Prescaler) for TIM_SetIC4Prescaler
    stm32f10x_tim.o(i.TIM_ITRxExternalClockConfig) refers to stm32f10x_tim.o(i.TIM_SelectInputTrigger) for TIM_SelectInputTrigger
    stm32f10x_tim.o(i.TIM_PWMIConfig) refers to stm32f10x_tim.o(i.TI1_Config) for TI1_Config
    stm32f10x_tim.o(i.TIM_PWMIConfig) refers to stm32f10x_tim.o(i.TIM_SetIC1Prescaler) for TIM_SetIC1Prescaler
    stm32f10x_tim.o(i.TIM_PWMIConfig) refers to stm32f10x_tim.o(i.TI2_Config) for TI2_Config
[...]
    .bss                                     0x20000b60   Section      236  multirotor_control.o(.bss)
    .bss                                     0x20000c4c   Section      368  height_ctrl.o(.bss)
    .bss                                     0x20000dbc   Section      216  ano_dt.o(.bss)
    .bss                                     0x20000e94   Section      512  stm32f10x_it.o(.bss)
    STACK                                    0x20001098   Section     8192  startup_stm32f10x_hd.o(STACK)

    Global Symbols

    Symbol Name                              Value     Ov Type        Size  Object(Section)

    BuildAttributes$$THM_ISAv4$P$D$K$B$S$PE$A:L22UL41UL21$X:L11$S22US41US21$IEEE1$IW$USESV6$~STKCKD$USESV7$~SHL$OTIME$ROPI$IEEEX$EBA8$MICROLIB$REQ8$PRES8$EABIv2 0x00000000   Number         0  anon$$obj.o ABSOLUTE
    __ARM_use_no_argv                        0x00000000   Number         0  main.o ABSOLUTE
    __cpp_initialize__aeabi_                  - Undefined Weak Reference
    __cxa_finalize                            - Undefined Weak Reference
    _clock_init                               - Undefined Weak Reference
    _microlib_exit                            - Undefined Weak Reference
    __Vectors_Size                           0x00000130   Number         0  startup_stm32f10x_hd.o ABSOLUTE
    __Vectors                                0x08000000   Data           4  startup_stm32f10x_hd.o(RESET)
    __Vectors_End                            0x08000130   Data           0  startup_stm32f10x_hd.o(RESET)
    __main                                   0x08000131   Thumb Code     0  entry.o(.ARM.Collect$$$$00000000)
    _main_stk                                0x08000131   Thumb Code     0  entry2.o(.ARM.Collect$$$$00000001)
    _main_scatterload                        0x08000135   Thumb Code     0  entry5.o(.ARM.Collect$$$$00000004)
    __main_after_scatterload                 0x08000139   Thumb Code     0  entry5.o(.ARM.Collect$$$$00000004)
    _main_clock                              0x08000139   Thumb Code     0  entry7b.o(.ARM.Collect$$$$00000008)
    _main_cpp_init                           0x08000139   Thumb Code     0  entry8b.o(.ARM.Collect$$$$0000000A)
    _main_init                               0x08000139   Thumb Code     0  entry9a.o(.ARM.Collect$$$$0000000B)
    __rt_final_cpp                           0x08000141   Thumb Code     0  entry10a.o(.ARM.Collect$$$$0000000D)
    __rt_final_exit                          0x08000141   Thumb Code     0  entry11a.o(.ARM.Collect$$$$0000000F)
    Reset_Handler                            0x08000145   Thumb Code     8  startup_stm32f10x_hd.o(.text)
    SysTick_Handler                          0x0800015d   Thumb Code     2  startup_stm32f10x_hd.o(.text)
    ADC1_2_IRQHandler                        0x0800015f   Thumb Code     0  startup_stm32f10x_hd.o(.text)
    ADC3_IRQHandler                          0x0800015f   Thumb Code     0  startup_stm32f10x_hd.o(.text)
    CAN1_RX1_IRQHandler                      0x0800015f   Thumb Code     0  startup_stm32f10x_hd.o(.text)
    CAN1_SCE_IRQHandler                      0x0800015f   Thumb Code     0  startup_stm32f10x_hd.o(.text)
    DMA1_Channel1_IRQHandler                 0x0800015f   Thumb Code     0  startup_stm32f10x_hd.o(.text)
    DMA1_Channel2_IRQHandler                 0x0800015f   Thumb Code     0  startup_stm32f10x_hd.o(.text)
    DMA1_Channel3_IRQHandler                 0x0800015f   Thumb Code     0  startup_stm32f10x_hd.o(.text)
    DMA1_Channel5_IRQHandler                 0x0800015f   Thumb Code     0  startup_stm32f10x_hd.o(.text)
    DMA1_Channel6_IRQHandler                 0x0800015f   Thumb Code     0  startup_stm32f10x_hd.o(.text)
    DMA1_Channel7_IRQHandler                 0x0800015f   Thumb Code     0  startup_stm32f10x_hd.o(.text)
    DMA2_Channel1_IRQHandler                 0x0800015f   Thumb Code     0  startup_stm32f10x_hd.o(.text)
    DMA2_Channel2_IRQHandler                 0x0800015f   Thumb Code     0  startup_stm32f10x_hd.o(.text)
    DMA2_Channel3_IRQHandler                 0x0800015f   Thumb Code     0  startup_stm32f10x_hd.o(.text)
    DMA2_Channel4_5_IRQHandler               0x0800015f   Thumb Code     0  startup_stm32f10x_hd.o(.text)
    EXTI0_IRQHandler                         0x0800015f   Thumb Code     0  startup_stm32f10x_hd.o(.text)
    EXTI15_10_IRQHandler                     0x0800015f   Thumb Code     0  startup_stm32f10x_hd.o(.text)
    EXTI1_IRQHandler                         0x0800015f   Thumb Code     0  startup_stm32f10x_hd.o(.text)
    EXTI2_IRQHandler                         0x0800015f   Thumb Code     0  startup_stm32f10x_hd.o(.text)
    EXTI3_IRQHandler                         0x0800015f   Thumb Code     0  startup_stm32f10x_hd.o(.text)
    EXTI4_IRQHandler                         0x0800015f   Thumb Code     0  startup_stm32f10x_hd.o(.text)
    EXTI9_5_IRQHandler                       0x0800015f   Thumb Code     0  startup_stm32f10x_hd.o(.text)
    FLASH_IRQHandler                         0x0800015f   Thumb Code     0  startup_stm32f10x_hd.o(.text)
    FSMC_IRQHandler                          0x0800015f   Thumb Code     0  startup_stm32f10x_hd.o(.text)
    I2C1_ER_IRQHandler                       0x0800015f   Thumb Code     0  startup_stm32f10x_hd.o(.text)
    I2C1_EV_IRQHandler                       0x0800015f   Thumb Code     0  startup_stm32f10x_hd.o(.text)
    I2C2_ER_IRQHandler                       0x0800015f   Thumb Code     0  startup_stm32f10x_hd.o(.text)
    I2C2_EV_IRQHandler                       0x0800015f   Thumb Code     0  startup_stm32f10x_hd.o(.text)
    PVD_IRQHandler                           0x0800015f   Thumb Code     0  startup_stm32f10x_hd.o(.text)
    RCC_IRQHandler                           0x0800015f   Thumb Code     0  startup_stm32f10x_hd.o(.text)
    RTCAlarm_IRQHandler                      0x0800015f   Thumb Code     0  startup_stm32f10x_hd.o(.text)
    RTC_IRQHandler                           0x0800015f   Thumb Code     0  startup_stm32f10x_hd.o(.text)
    SDIO_IRQHandler                          0x0800015f   Thumb Code     0  startup_stm32f10x_hd.o(.text)
    SPI1_IRQHandler                          0x0800015f   Thumb Code     0  startup_stm32f10x_hd.o(.text)
    SPI2_IRQHandler                          0x0800015f   Thumb Code     0  startup_stm32f10x_hd.o(.text)
    SPI3_IRQHandler                          0x0800015f   Thumb Code     0  startup_stm32f10x_hd.o(.text)
    TAMPER_IRQHandler                        0x0800015f   Thumb Code     0  startup_stm32f10x_hd.o(.text)
    TIM1_BRK_IRQHandler                      0x0800015f   Thumb Code     0  startup_stm32f10x_hd.o(.text)
    TIM1_CC_IRQHandler                       0x0800015f   Thumb Code     0  startup_stm32f10x_hd.o(.text)
    TIM1_TRG_COM_IRQHandler                  0x0800015f   Thumb Code     0  startup_stm32f10x_hd.o(.text)
    TIM1_UP_IRQHandler                       0x0800015f   Thumb Code     0  startup_stm32f10x_hd.o(.text)
    TIM4_IRQHandler                          0x0800015f   Thumb Code     0  startup_stm32f10x_hd.o(.text)
    TIM6_IRQHandler                          0x0800015f   Thumb Code     0  startup_stm32f10x_hd.o(.text)
    TIM7_IRQHandler                          0x0800015f   Thumb Code     0  startup_stm32f10x_hd.o(.text)
    TIM8_BRK_IRQHandler                      0x0800015f   Thumb Code     0  startup_stm32f10x_hd.o(.text)
    TIM8_CC_IRQHandler                       0x0800015f   Thumb Code     0  startup_stm32f10x_hd.o(.text)
    TIM8_TRG_COM_IRQHandler                  0x0800015f   Thumb Code     0  startup_stm32f10x_hd.o(.text)
    TIM8_UP_IRQHandler                       0x0800015f   Thumb Code     0  startup_stm32f10x_hd.o(.text)
    UART4_IRQHandler                         0x0800015f   Thumb Code     0  startup_stm32f10x_hd.o(.text)
    UART5_IRQHandler                         0x0800015f   Thumb Code     0  startup_stm32f10x_hd.o(.text)
    USART2_IRQHandler                        0x0800015f   Thumb Code     0  startup_stm32f10x_hd.o(.text)
    USART3_IRQHandler                        0x0800015f   Thumb Code     0  startup_stm32f10x_hd.o(.text)
    USBWakeUp_IRQHandler                     0x0800015f   Thumb Code     0  startup_stm32f10x_hd.o(.text)
    USB_HP_CAN1_TX_IRQHandler                0x0800015f   Thumb Code     0  startup_stm32f10x_hd.o(.text)
    USB_LP_CAN1_RX0_IRQHandler               0x0800015f   Thumb Code     0  startup_stm32f10x_hd.o(.text)
    WWDG_IRQHandler                          0x0800015f   Thumb Code     0  startup_stm32f10x_hd.o(.text)
    __aeabi_uldivmod                         0x08000169   Thumb Code    98  uldiv.o(.text)
    __aeabi_fadd                             0x080001cb   Thumb Code   164  fadd.o(.text)
    __aeabi_fsub                             0x0800026f   Thumb Code     6  fadd.o(.text)
    __aeabi_frsub                            0x08000275   Thumb Code     6  fadd.o(.text)
    __aeabi_fmul                             0x0800027b   Thumb Code   100  fmul.o(.text)
    __aeabi_fdiv                             0x080002df   Thumb Code   124  fdiv.o(.text)
    __aeabi_dadd                             0x0800035b   Thumb Code   322  dadd.o(.text)
    __aeabi_dsub                             0x0800049d   Thumb Code     6  dadd.o(.text)
    __aeabi_drsub                            0x080004a3   Thumb Code     6  dadd.o(.text)
    __aeabi_dmul                             0x080004a9   Thumb Code   228  dmul.o(.text)
    __aeabi_ddiv                             0x0800058d   Thumb Code   222  ddiv.o(.text)
    __aeabi_i2f                              0x0800066b   Thumb Code    18  fflti.o(.text)
    __aeabi_ui2f                             0x0800067d   Thumb Code    10  ffltui.o(.text)
    __aeabi_ul2f                             0x08000687   Thumb Code    28  ffltul.o(.text)
    __aeabi_i2d                              0x080006a3   Thumb Code    34  dflti.o(.text)
    __aeabi_ui2d                             0x080006c5   Thumb Code    26  dfltui.o(.text)
    __aeabi_ul2d                             0x080006df   Thumb Code    24  dfltul.o(.text)
    __aeabi_f2iz                             0x080006f7   Thumb Code    50  ffixi.o(.text)
    __aeabi_f2uiz                            0x08000729   Thumb Code    40  ffixui.o(.text)
    __aeabi_d2iz                             0x08000751   Thumb Code    62  dfixi.o(.text)
    __aeabi_d2uiz                            0x0800078f   Thumb Code    50  dfixui.o(.text)
    __aeabi_f2d                              0x080007c1   Thumb Code    38  f2d.o(.text)
    __aeabi_d2f                              0x080007e7   Thumb Code    56  d2f.o(.text)
    __aeabi_cfcmpeq                          0x08000821   Thumb Code     0  cfcmple.o(.text)
    __aeabi_cfcmple                          0x08000821   Thumb Code    20  cfcmple.o(.text)
    __aeabi_cfrcmple                         0x08000835   Thumb Code    20  cfrcmple.o(.text)
    __aeabi_llsl                             0x08000849   Thumb Code    30  llshl.o(.text)
    _ll_shift_l                              0x08000849   Thumb Code     0  llshl.o(.text)
    __aeabi_llsr                             0x08000867   Thumb Code    32  llushr.o(.text)
    _ll_ushift_r                             0x08000867   Thumb Code     0  llushr.o(.text)
    __aeabi_lasr                             0x08000887   Thumb Code    36  llsshr.o(.text)
    _ll_sshift_r                             0x08000887   Thumb Code     0  llsshr.o(.text)
    __I$use$fp                               0x080008ab   Thumb Code     0  iusefp.o(.text)
    _float_round                             0x080008ab   Thumb Code    18  fepilogue.o(.text)
    _float_epilogue                          0x080008bd   Thumb Code    92  fepilogue.o(.text)
    __ARM_scalbnf                            0x08000919   Thumb Code    24  fscalb.o(.text)
    scalbnf                                  0x08000919   Thumb Code     0  fscalb.o(.text)
    _double_round                            0x08000931   Thumb Code    30  depilogue.o(.text)
    _double_epilogue                         0x0800094f   Thumb Code   156  depilogue.o(.text)
    __scatterload                            0x080009ed   Thumb Code    28  init.o(.text)
    __scatterload_rt2                        0x080009ed   Thumb Code     0  init.o(.text)
    _fsqrt                                   0x08000a11   Thumb Code    94  fsqrt.o(.text)
    __ARM_scalbn                             0x08000a6f   Thumb Code    46  dscalb.o(.text)
    scalbn                                   0x08000a6f   Thumb Code     0  dscalb.o(.text)
    __decompress                             0x08000a9d   Thumb Code     0  __dczerorl2.o(.text)
    __decompress1                            0x08000a9d   Thumb Code    86  __dczerorl2.o(.text)
    AHRS_GetQ                                0x08000af5   Thumb Code   594  multirotor_ahrs.o(i.AHRS_GetQ)
    AHRS_Geteuler                            0x08000d6d   Thumb Code   552  multirotor_ahrs.o(i.AHRS_Geteuler)
    AHRS_getValues                           0x08000fc1   Thumb Code   320  multirotor_ahrs.o(i.AHRS_getValues)
    ANO_DT_Data_Exchange                     0x08001131   Thumb Code  1502  ano_dt.o(i.ANO_DT_Data_Exchange)
    ANO_DT_Data_Receive_Anl                  0x08001741   Thumb Code  1422  ano_dt.o(i.ANO_DT_Data_Receive_Anl)
    ANO_DT_Send_Data                         0x08001d59   Thumb Code    68  ano_dt.o(i.ANO_DT_Send_Data)
    ANO_DT_Send_MotoPWM                      0x08001da5   Thumb Code   294  ano_dt.o(i.ANO_DT_Send_MotoPWM)
    ANO_DT_Send_PID                          0x08001ed1   Thumb Code   444  ano_dt.o(i.ANO_DT_Send_PID)
    ANO_DT_Send_RCData                       0x08002091   Thumb Code   350  ano_dt.o(i.ANO_DT_Send_RCData)
    ANO_DT_Send_Senser                       0x080021f5   Thumb Code   374  ano_dt.o(i.ANO_DT_Send_Senser)
    ANO_DT_Send_Senser2                      0x08002371   Thumb Code   182  ano_dt.o(i.ANO_DT_Send_Senser2)
    ANO_DT_Send_Status                       0x0800242d   Thumb Code   316  ano_dt.o(i.ANO_DT_Send_Status)
    ANO_DT_Send_Version                      0x08002571   Thumb Code   192  ano_dt.o(i.ANO_DT_Send_Version)
    ANO_DT_Send_userdata                     0x08002635   Thumb Code   862  ano_dt.o(i.ANO_DT_Send_userdata)
    Altitute_calculate                       0x08002999   Thumb Code    40  multirotor_altitute.o(i.Altitute_calculate)
    Attitude_RatePID                         0x080029c9   Thumb Code   622  multirotor_control.o(i.Attitude_RatePID)
    Baro_Ctrl                                0x08002c55   Thumb Code   526  height_ctrl.o(i.Baro_Ctrl)
    Baro_PID_Init                            0x08002ead   Thumb Code    18  height_ctrl.o(i.Baro_PID_Init)
    Baro_dataporcess                         0x08002ec9   Thumb Code   478  height_ctrl.o(i.Baro_dataporcess)
    BusFault_Handler                         0x080030d5   Thumb Code     4  stm32f10x_it.o(i.BusFault_Handler)
    CONTROL                                  0x080030d9   Thumb Code   392  multirotor_control.o(i.CONTROL)
    Calculate_Target                         0x08003275   Thumb Code   262  multirotor_control.o(i.Calculate_Target)
    DMA1_Channel4_IRQHandler                 0x080033a1   Thumb Code    18  stm32f10x_it.o(i.DMA1_Channel4_IRQHandler)
    DMA_ClearFlag                            0x080033b9   Thumb Code    18  stm32f10x_dma.o(i.DMA_ClearFlag)
    DMA_Cmd                                  0x080033d5   Thumb Code    24  stm32f10x_dma.o(i.DMA_Cmd)
    DMA_DeInit                               0x080033ed   Thumb Code   324  stm32f10x_dma.o(i.DMA_DeInit)
    DMA_ITConfig                             0x08003539   Thumb Code    18  stm32f10x_dma.o(i.DMA_ITConfig)
    DMA_Init                                 0x0800354b   Thumb Code    60  stm32f10x_dma.o(i.DMA_Init)
    DMA_USART1_Configuration                 0x08003589   Thumb Code    88  usart.o(i.DMA_USART1_Configuration)
    DebugMon_Handler                         0x080035f1   Thumb Code     2  stm32f10x_it.o(i.DebugMon_Handler)
    Degree                                   0x080035f5   Thumb Code    36  algorithm_math.o(i.Degree)
    ECS_Calibrate                            0x08003621   Thumb Code    96  multirotor_rc.o(i.ECS_Calibrate)
    EE_Init                                  0x08003729   Thumb Code    16  eeprom.o(i.EE_Init)
    EE_ReadVariable                          0x08003b69   Thumb Code    90  eeprom.o(i.EE_ReadVariable)
    EE_SAVE_ACC_OFFSET                       0x08003bcd   Thumb Code    46  algorithm_sqlite.o(i.EE_SAVE_ACC_OFFSET)
    EE_SAVE_Attitude_PID                     0x08003c05   Thumb Code   616  algorithm_sqlite.o(i.EE_SAVE_Attitude_PID)
    EE_SAVE_MAG_OFFSET                       0x08003e91   Thumb Code    36  algorithm_sqlite.o(i.EE_SAVE_MAG_OFFSET)
    EE_WriteVariable                         0x08003f45   Thumb Code    36  eeprom.o(i.EE_WriteVariable)
    FLASH_ErasePage                          0x08003f69   Thumb Code    72  stm32f10x_flash.o(i.FLASH_ErasePage)
    FLASH_GetBank1Status                     0x08003fb5   Thumb Code    48  stm32f10x_flash.o(i.FLASH_GetBank1Status)
    FLASH_ProgramHalfWord                    0x08003fe9   Thumb Code    60  stm32f10x_flash.o(i.FLASH_ProgramHalfWord)
    FLASH_Unlock                             0x08004029   Thumb Code    12  stm32f10x_flash.o(i.FLASH_Unlock)
    FLASH_WaitForLastOperation               0x08004041   Thumb Code    38  stm32f10x_flash.o(i.FLASH_WaitForLastOperation)
    FailSafeLEDAlarm                         0x08004069   Thumb Code   106  led.o(i.FailSafeLEDAlarm)
    GPIO_Init                                0x080040dd   Thumb Code   278  stm32f10x_gpio.o(i.GPIO_Init)
    GPIO_PinRemapConfig                      0x080041f5   Thumb Code   138  stm32f10x_gpio.o(i.GPIO_PinRemapConfig)
    GPIO_ReadInputDataBit                    0x08004285   Thumb Code    18  stm32f10x_gpio.o(i.GPIO_ReadInputDataBit)
    GPIO_ResetBits                           0x08004297   Thumb Code     4  stm32f10x_gpio.o(i.GPIO_ResetBits)
    GPIO_SetBits                             0x0800429b   Thumb Code     4  stm32f10x_gpio.o(i.GPIO_SetBits)
    Get_High                                 0x080042a1   Thumb Code    80  ms5611.o(i.Get_High)
    Gyro_Caloffest                           0x080042f9   Thumb Code   106  mpu6050.o(i.Gyro_Caloffest)
    Gyro_OFFSET                              0x08004369   Thumb Code   544  mpu6050.o(i.Gyro_OFFSET)
    HMC5883lRead                             0x0800459d   Thumb Code   380  hmc5883.o(i.HMC5883lRead)
    HardFault_Handler                        0x0800472d   Thumb Code     4  stm32f10x_it.o(i.HardFault_Handler)
    Height_Ctrl                              0x08004731   Thumb Code  1310  height_ctrl.o(i.Height_Ctrl)
    I2C_Ack                                  0x08004c71   Thumb Code    54  i2c.o(i.I2C_Ack)
    I2C_INIT                                 0x08004cad   Thumb Code    76  i2c.o(i.I2C_INIT)
    I2C_NoAck                                0x08004cfd   Thumb Code    56  i2c.o(i.I2C_NoAck)
    I2C_RadeByte                             0x08004d39   Thumb Code    82  i2c.o(i.I2C_RadeByte)
    I2C_Read                                 0x08004d91   Thumb Code   100  i2c.o(i.I2C_Read)
    I2C_SendByte                             0x08004df5   Thumb Code    86  i2c.o(i.I2C_SendByte)
    I2C_Start                                0x08004e51   Thumb Code    90  i2c.o(i.I2C_Start)
    I2C_Stop                                 0x08004eb1   Thumb Code    56  i2c.o(i.I2C_Stop)
    I2C_WaitAck                              0x08004eed   Thumb Code    86  i2c.o(i.I2C_WaitAck)
    I2C_delay                                0x08004f49   Thumb Code     4  i2c.o(i.I2C_delay)
    IIR_I_Filter                             0x08004f4d   Thumb Code   242  algorithm_filter.o(i.IIR_I_Filter)
    InitCurrWrAddress                        0x08005041   Thumb Code    92  eeprom.o(i.InitCurrWrAddress)
    InitMPU6050                              0x080050a5   Thumb Code    92  mpu6050.o(i.InitMPU6050)
    LEDReflash                               0x08005101   Thumb Code    88  led.o(i.LEDReflash)
    LED_Fsm                                  0x08005161   Thumb Code   190  led.o(i.LED_Fsm)
    LED_GPIO_Config                          0x08005229   Thumb Code   104  led.o(i.LED_GPIO_Config)
    LED_SHOW                                 0x080052a1   Thumb Code   108  led.o(i.LED_SHOW)
    LPF_1st                                  0x08005311   Thumb Code    50  algorithm_filter.o(i.LPF_1st)
    LockForKeepHigh                          0x08005345   Thumb Code   186  height_ctrl.o(i.LockForKeepHigh)
    MPU6050_Dataanl                          0x08005441   Thumb Code   374  mpu6050.o(i.MPU6050_Dataanl)
    MPU6050_Read                             0x080055d5   Thumb Code   148  mpu6050.o(i.MPU6050_Read)
    MS561101BA_getConversion                 0x0800566d   Thumb Code    98  ms5611.o(i.MS561101BA_getConversion)
    MS561101BA_getPressure                   0x080056d1   Thumb Code   638  ms5611.o(i.MS561101BA_getPressure)
    MS561101BA_getTemperature                0x080059c1   Thumb Code   186  ms5611.o(i.MS561101BA_getTemperature)
    MS561101BA_startConversion               0x08005a99   Thumb Code    34  ms5611.o(i.MS561101BA_startConversion)
    Mag_Calibration                          0x08005abd   Thumb Code   598  hmc5883.o(i.Mag_Calibration)
    MemManage_Handler                        0x08005d45   Thumb Code     4  stm32f10x_it.o(i.MemManage_Handler)
    Motor_Conter                             0x08005d49   Thumb Code   590  multirotor_control.o(i.Motor_Conter)
    Moving_Average                           0x08005fb9   Thumb Code   108  algorithm_filter.o(i.Moving_Average)
    Moving_Median                            0x08006025   Thumb Code   184  algorithm_filter.o(i.Moving_Median)
    NMI_Handler                              0x080060e5   Thumb Code     2  stm32f10x_it.o(i.NMI_Handler)
    NVIC_Init                                0x080060e9   Thumb Code   100  misc.o(i.NVIC_Init)
    NVIC_PriorityGroupConfig                 0x08006159   Thumb Code    10  misc.o(i.NVIC_PriorityGroupConfig)
    Nvic_Init                                0x0800616d   Thumb Code   152  time.o(i.Nvic_Init)
    PWM_IN_Config                            0x08006205   Thumb Code   374  pwm_in.o(i.PWM_IN_Config)
    PWM_OUT_Config                           0x08006389   Thumb Code    84  moto.o(i.PWM_OUT_Config)
    ParamLoad                                0x080063e5   Thumb Code   136  algorithm_sqlite.o(i.ParamLoad)
    PendSV_Handler                           0x08006485   Thumb Code     2  stm32f10x_it.o(i.PendSV_Handler)
    Q_rsqrt                                  0x08006489   Thumb Code    74  algorithm_math.o(i.Q_rsqrt)
    Quaternion_Normalize                     0x080064d9   Thumb Code   122  algorithm_quaternion.o(i.Quaternion_Normalize)
    Quaternion_RungeKutta                    0x08006553   Thumb Code   288  algorithm_quaternion.o(i.Quaternion_RungeKutta)
    Quaternion_ToAngE                        0x08006675   Thumb Code   302  algorithm_quaternion.o(i.Quaternion_ToAngE)
    Quaternion_vectorGravity                 0x080067a9   Thumb Code   148  algorithm_quaternion.o(i.Quaternion_vectorGravity)
    RCC_AHBPeriphClockCmd                    0x0800683d   Thumb Code    26  stm32f10x_rcc.o(i.RCC_AHBPeriphClockCmd)
    RCC_APB1PeriphClockCmd                   0x0800685d   Thumb Code    26  stm32f10x_rcc.o(i.RCC_APB1PeriphClockCmd)
    RCC_APB1PeriphResetCmd                   0x0800687d   Thumb Code    26  stm32f10x_rcc.o(i.RCC_APB1PeriphResetCmd)
    RCC_APB2PeriphClockCmd                   0x0800689d   Thumb Code    26  stm32f10x_rcc.o(i.RCC_APB2PeriphClockCmd)
    RCC_APB2PeriphResetCmd                   0x080068bd   Thumb Code    26  stm32f10x_rcc.o(i.RCC_APB2PeriphResetCmd)
    RCC_GetClocksFreq                        0x080068dd   Thumb Code   192  stm32f10x_rcc.o(i.RCC_GetClocksFreq)
    RC_Data_Refine                           0x080069b1   Thumb Code   336  multirotor_rc.o(i.RC_Data_Refine)
    RC_directive                             0x08006b19   Thumb Code   402  multirotor_rc.o(i.RC_directive)
    RDAU                                     0x08006cd1   Thumb Code    14  multirotor_rc.o(i.RDAU)
    Rad                                      0x08006ce5   Thumb Code    36  algorithm_math.o(i.Rad)
    Reset_Integral                           0x08006d11   Thumb Code    18  multirotor_control.o(i.Reset_Integral)
    SVC_Handler                              0x08006d29   Thumb Code     2  stm32f10x_it.o(i.SVC_Handler)
    Single_Read                              0x08006e15   Thumb Code    80  i2c.o(i.Single_Read)
    Single_Write                             0x08006e65   Thumb Code    70  i2c.o(i.Single_Write)
    SystemInit                               0x08006ead   Thumb Code    78  system_stm32f10x.o(i.SystemInit)
    System_Init                              0x08006f0d   Thumb Code    66  multirotor_app.o(i.System_Init)
    TIM2_IRQHandler                          0x08007195   Thumb Code   484  pwm_in.o(i.TIM2_IRQHandler)
    TIM3_IRQHandler                          0x08007389   Thumb Code   490  pwm_in.o(i.TIM3_IRQHandler)
    TIM5_Config                              0x080075a9   Thumb Code    76  time.o(i.TIM5_Config)
    TIM5_IRQHandler                          0x080075f9   Thumb Code    92  stm32f10x_it.o(i.TIM5_IRQHandler)
    TIM_ARRPreloadConfig                     0x08007665   Thumb Code    24  stm32f10x_tim.o(i.TIM_ARRPreloadConfig)
    TIM_ClearFlag                            0x0800767d   Thumb Code     6  stm32f10x_tim.o(i.TIM_ClearFlag)
    TIM_ClearITPendingBit                    0x08007683   Thumb Code     6  stm32f10x_tim.o(i.TIM_ClearITPendingBit)
    TIM_Cmd                                  0x08007689   Thumb Code    24  stm32f10x_tim.o(i.TIM_Cmd)
    TIM_CtrlPWMOutputs                       0x080076a1   Thumb Code    30  stm32f10x_tim.o(i.TIM_CtrlPWMOutputs)
    TIM_DeInit                               0x080076c1   Thumb Code   424  stm32f10x_tim.o(i.TIM_DeInit)
    TIM_GetCapture1                          0x080078a9   Thumb Code     6  stm32f10x_tim.o(i.TIM_GetCapture1)
    TIM_GetCapture2                          0x080078af   Thumb Code     6  stm32f10x_tim.o(i.TIM_GetCapture2)
    TIM_GetCapture3                          0x080078b5   Thumb Code     6  stm32f10x_tim.o(i.TIM_GetCapture3)
    TIM_GetCapture4                          0x080078bb   Thumb Code     8  stm32f10x_tim.o(i.TIM_GetCapture4)
    TIM_GetITStatus                          0x080078c3   Thumb Code    34  stm32f10x_tim.o(i.TIM_GetITStatus)
    TIM_ICInit                               0x080078e5   Thumb Code   150  stm32f10x_tim.o(i.TIM_ICInit)
    TIM_ITConfig                             0x08007991   Thumb Code    18  stm32f10x_tim.o(i.TIM_ITConfig)
    TIM_OC1Init                              0x080079a5   Thumb Code   132  stm32f10x_tim.o(i.TIM_OC1Init)
    TIM_OC1PolarityConfig                    0x08007a3d   Thumb Code    18  stm32f10x_tim.o(i.TIM_OC1PolarityConfig)
    TIM_OC1PreloadConfig                     0x08007a4f   Thumb Code    18  stm32f10x_tim.o(i.TIM_OC1PreloadConfig)
    TIM_OC2Init                              0x08007a61   Thumb Code   154  stm32f10x_tim.o(i.TIM_OC2Init)
    TIM_OC2PolarityConfig                    0x08007b05   Thumb Code    26  stm32f10x_tim.o(i.TIM_OC2PolarityConfig)
    TIM_OC2PreloadConfig                     0x08007b1f   Thumb Code    26  stm32f10x_tim.o(i.TIM_OC2PreloadConfig)
    TIM_OC3Init                              0x08007b39   Thumb Code   150  stm32f10x_tim.o(i.TIM_OC3Init)
    TIM_OC3PolarityConfig                    0x08007bd9   Thumb Code    26  stm32f10x_tim.o(i.TIM_OC3PolarityConfig)
    TIM_OC3PreloadConfig                     0x08007bf3   Thumb Code    18  stm32f10x_tim.o(i.TIM_OC3PreloadConfig)
    TIM_OC4Init                              0x08007c05   Thumb Code   114  stm32f10x_tim.o(i.TIM_OC4Init)
    TIM_OC4PolarityConfig                    0x08007c81   Thumb Code    26  stm32f10x_tim.o(i.TIM_OC4PolarityConfig)
    TIM_OC4PreloadConfig                     0x08007c9b   Thumb Code    26  stm32f10x_tim.o(i.TIM_OC4PreloadConfig)
    TIM_SetIC1Prescaler                      0x08007cb5   Thumb Code    18  stm32f10x_tim.o(i.TIM_SetIC1Prescaler)
    TIM_SetIC2Prescaler                      0x08007cc7   Thumb Code    26  stm32f10x_tim.o(i.TIM_SetIC2Prescaler)
    TIM_SetIC3Prescaler                      0x08007ce1   Thumb Code    18  stm32f10x_tim.o(i.TIM_SetIC3Prescaler)
    TIM_SetIC4Prescaler                      0x08007cf3   Thumb Code    26  stm32f10x_tim.o(i.TIM_SetIC4Prescaler)
    TIM_TimeBaseInit                         0x08007d0d   Thumb Code   122  stm32f10x_tim.o(i.TIM_TimeBaseInit)
    Task                                     0x08007db1   Thumb Code    80  multirotor_app.o(i.Task)
    Thr_Ctrl                                 0x08007e05   Thumb Code   220  multirotor_control.o(i.Thr_Ctrl)
    Tim1_init                                0x08007f0d   Thumb Code   196  moto.o(i.Tim1_init)
    Tim4_init                                0x08007fd9   Thumb Code   154  moto.o(i.Tim4_init)
    Time_slice                               0x08008079   Thumb Code   174  multirotor_app.o(i.Time_slice)
    USART1_Config                            0x08008135   Thumb Code   138  usart.o(i.USART1_Config)
    USART1_IRQHandler                        0x080081c9   Thumb Code    72  stm32f10x_it.o(i.USART1_IRQHandler)
    USART_ClearITPendingBit                  0x0800821d   Thumb Code    30  stm32f10x_usart.o(i.USART_ClearITPendingBit)
    USART_Cmd                                0x0800823b   Thumb Code    24  stm32f10x_usart.o(i.USART_Cmd)
    USART_DMACmd                             0x08008253   Thumb Code    18  stm32f10x_usart.o(i.USART_DMACmd)
    USART_GetITStatus                        0x08008265   Thumb Code    84  stm32f10x_usart.o(i.USART_GetITStatus)
    USART_ITConfig                           0x080082b9   Thumb Code    74  stm32f10x_usart.o(i.USART_ITConfig)
    USART_Init                               0x08008305   Thumb Code   210  stm32f10x_usart.o(i.USART_Init)
    Ultra_Ctrl                               0x080083dd   Thumb Code   542  height_ctrl.o(i.Ultra_Ctrl)
    Ultra_PID_Init                           0x08008645   Thumb Code    18  height_ctrl.o(i.Ultra_PID_Init)
    Ultra_dataporcess                        0x08008661   Thumb Code   744  height_ctrl.o(i.Ultra_dataporcess)
    Ultrasonic_Config                        0x08008981   Thumb Code    46  ultrasonic.o(i.Ultrasonic_Config)
    Ultrasonic_Pulsing                       0x080089b5   Thumb Code    26  ultrasonic.o(i.Ultrasonic_Pulsing)
    UsageFault_Handler                       0x080089d5   Thumb Code     4  stm32f10x_it.o(i.UsageFault_Handler)
    Usart1_Send                              0x080089d9   Thumb Code    48  multirotor_radio.o(i.Usart1_Send)
    VariableParameter                        0x08008a11   Thumb Code    92  algorithm_math.o(i.VariableParameter)
    WZ_Speed_PID_Init                        0x08008a7d   Thumb Code    52  height_ctrl.o(i.WZ_Speed_PID_Init)
    __ARM_fpclassify                         0x08008ac9   Thumb Code    40  fpclassify.o(i.__ARM_fpclassify)
    __ARM_fpclassifyf                        0x08008af1   Thumb Code    38  fpclassifyf.o(i.__ARM_fpclassifyf)
    __EE_Init                                0x08008b19   Thumb Code   492  eeprom.o(i.__EE_Init)
    __ieee754_rem_pio2                       0x08008d15   Thumb Code   828  rred.o(i.__ieee754_rem_pio2)
    __kernel_cos                             0x0800909d   Thumb Code   230  cos_i.o(i.__kernel_cos)
    __kernel_poly                            0x08009199   Thumb Code   170  poly.o(i.__kernel_poly)
    __kernel_sin                             0x08009245   Thumb Code   224  sin_i.o(i.__kernel_sin)
    __mathlib_dbl_infnan                     0x08009331   Thumb Code     6  dunder.o(i.__mathlib_dbl_infnan)
    __mathlib_dbl_infnan2                    0x08009337   Thumb Code     4  dunder.o(i.__mathlib_dbl_infnan2)
    __mathlib_dbl_invalid                    0x0800933b   Thumb Code    12  dunder.o(i.__mathlib_dbl_invalid)
    __mathlib_dbl_underflow                  0x08009349   Thumb Code    10  dunder.o(i.__mathlib_dbl_underflow)
    __mathlib_flt_infnan                     0x08009359   Thumb Code     6  funder.o(i.__mathlib_flt_infnan)
    __mathlib_flt_infnan2                    0x0800935f   Thumb Code     4  funder.o(i.__mathlib_flt_infnan2)
    __mathlib_flt_invalid                    0x08009363   Thumb Code     8  funder.o(i.__mathlib_flt_invalid)
    __mathlib_flt_underflow                  0x0800936b   Thumb Code    10  funder.o(i.__mathlib_flt_underflow)
    __scatterload_copy                       0x08009375   Thumb Code    14  handlers.o(i.__scatterload_copy)
    __scatterload_null                       0x08009383   Thumb Code     2  handlers.o(i.__scatterload_null)
    __scatterload_zeroinit                   0x08009385   Thumb Code    14  handlers.o(i.__scatterload_zeroinit)
    __set_errno                              0x08009395   Thumb Code     6  errno.o(i.__set_errno)
    array_assign                             0x080093a1   Thumb Code    22  algorithm_math.o(i.array_assign)
    asinf                                    0x080093b9   Thumb Code   254  asinf.o(i.asinf)
    atan                                     0x080094dd   Thumb Code   474  atan.o(i.atan)
    atan2                                    0x080096fd   Thumb Code   346  atan2.o(i.atan2)
    atan2f                                   0x0800987d   Thumb Code   528  atan2f.o(i.atan2f)
    cos                                      0x08009ad9   Thumb Code   148  cos.o(i.cos)
    data_limit                               0x08009b75   Thumb Code    38  algorithm_math.o(i.data_limit)
    delay                                    0x08009b9b   Thumb Code    24  delay.o(i.delay)
    delay5ms                                 0x08009bb3   Thumb Code    14  i2c.o(i.delay5ms)
    delay_init                               0x08009bc1   Thumb Code    56  delay.o(i.delay_init)
    delay_ms                                 0x08009c01   Thumb Code    56  delay.o(i.delay_ms)
    delay_us                                 0x08009c3d   Thumb Code    56  delay.o(i.delay_us)
    height_speed_ctrl                        0x08009c79   Thumb Code   438  height_ctrl.o(i.height_speed_ctrl)
    main                                     0x08009e55   Thumb Code    24  main.o(i.main)
    moto_PwmRflash                           0x08009e71   Thumb Code   104  moto.o(i.moto_PwmRflash)
    moto_STOP                                0x08009edd   Thumb Code    22  moto.o(i.moto_STOP)
    my_deathzoom_2                           0x08009ef9   Thumb Code    44  mymath.o(i.my_deathzoom_2)
    sin                                      0x08009f25   Thumb Code   150  sin.o(i.sin)
    sqrtf                                    0x08009fc5   Thumb Code    44  sqrtf.o(i.sqrtf)
    usart_data_RX                            0x08009ff1   Thumb Code   212  multirotor_radio.o(i.usart_data_RX)
    __mathlib_zero                           0x0800a1b0   Data           8  qnan.o(.constdata)
    Region$$Table$$Base                      0x0800a2a8   Number         0  anon$$obj.o(Region$$Table)
    Region$$Table$$Limit                     0x0800a2c8   Number         0  anon$$obj.o(Region$$Table)
    LED                                      0x20000014   Data           4  led.o(.data)
    LEDBuf                                   0x20000018   Data           1  led.o(.data)
    sendbuf                                  0x20000019   Data           5  usart.o(.data)
    datanum                                  0x2000001e   Data           1  usart.o(.data)
    DataVar                                  0x20000024   Data           2  eeprom.o(.data)
    CurWrAddress                             0x20000028   Data           4  eeprom.o(.data)
    US100_Alt_Temp                           0x2000002c   Data           2  pwm_in.o(.data)
    Alt_Last                                 0x2000002e   Data           2  pwm_in.o(.data)
    Alt_CuntTmep1                            0x20000030   Data           4  pwm_in.o(.data)
    Alt_CuntTmep2                            0x20000034   Data           4  pwm_in.o(.data)
    Alt_V_CuntTmep1                          0x20000038   Data           4  pwm_in.o(.data)
    Alt_V_CuntTmep2                          0x2000003c   Data           4  pwm_in.o(.data)
    US100_Alt_Last                           0x20000040   Data           4  pwm_in.o(.data)
    ultra_start_f                            0x20000044   Data           1  pwm_in.o(.data)
    OFF_                                     0x20000058   Data           8  ms5611.o(.data)
    Aux                                      0x20000060   Data           4  ms5611.o(.data)
    dT                                       0x20000068   Data           8  ms5611.o(.data)
    TEMP                                     0x20000070   Data           8  ms5611.o(.data)
    OFf                                      0x20000078   Data           8  ms5611.o(.data)
    SENS                                     0x20000080   Data           8  ms5611.o(.data)
    D1_Pres                                  0x20000088   Data           4  ms5611.o(.data)
    D2_Temp                                  0x2000008c   Data           4  ms5611.o(.data)
    Pressure                                 0x20000090   Data           4  ms5611.o(.data)
    Pressure_old                             0x20000094   Data           4  ms5611.o(.data)
    qqp                                      0x20000098   Data           4  ms5611.o(.data)
    TEMP2                                    0x2000009c   Data           4  ms5611.o(.data)
    T2                                       0x200000a0   Data           4  ms5611.o(.data)
    OFF2                                     0x200000a4   Data           4  ms5611.o(.data)
    SENS2                                    0x200000a8   Data           4  ms5611.o(.data)
    IPressure                                0x200000b0   Data           8  ms5611.o(.data)
    DPressure                                0x200000b8   Data           8  ms5611.o(.data)
    Pressure_error                           0x200000c0   Data           8  ms5611.o(.data)
    Pressure_out                             0x200000c8   Data           8  ms5611.o(.data)
    Pressure_new                             0x200000d0   Data           8  ms5611.o(.data)
    Pressure_last                            0x200000d8   Data           8  ms5611.o(.data)
    lockpressure                             0x200000e0   Data           1  ms5611.o(.data)
    Baro_Height_Source                       0x200000e4   Data           4  ms5611.o(.data)
    baro_dis_old                             0x200000e8   Data           4  ms5611.o(.data)
    baro_dis_delta                           0x200000ec   Data           4  ms5611.o(.data)
    baro_start_f                             0x200000f0   Data           1  ms5611.o(.data)
    US100_Alt                                0x200000f8   Data           4  ultrasonic.o(.data)
    US100_Alt_delta                          0x200000fc   Data           4  ultrasonic.o(.data)
    US100_Alt_old                            0x20000100   Data           4  ultrasonic.o(.data)
    g_Hight                                  0x20000104   Data           4  ultrasonic.o(.data)
    g_HightOld                               0x20000108   Data           4  ultrasonic.o(.data)
    g_Alt_Hight                              0x2000010c   Data           4  ultrasonic.o(.data)
    g_Alt_HightOld                           0x20000110   Data           4  ultrasonic.o(.data)
    g_HightControl                           0x20000114   Data           4  ultrasonic.o(.data)
    g_HightControlold                        0x20000118   Data           4  ultrasonic.o(.data)
    hight_increment                          0x2000011c   Data           4  ultrasonic.o(.data)
    RcvIndex                                 0x20000120   Data           1  ultrasonic.o(.data)
    GLengthHigh                              0x20000121   Data           1  ultrasonic.o(.data)
    GLengthLow                               0x20000122   Data           1  ultrasonic.o(.data)
    g_hight_Kp                               0x20000124   Data           4  ultrasonic.o(.data)
    g_hight_Ki                               0x20000128   Data           4  ultrasonic.o(.data)
    g_hight_Kd                               0x2000012c   Data           4  ultrasonic.o(.data)
    hight_error                              0x20000130   Data           4  ultrasonic.o(.data)
    hight_errorold                           0x20000134   Data           4  ultrasonic.o(.data)
    hight_erroroldd                          0x20000138   Data           4  ultrasonic.o(.data)
    cao                                      0x2000013c   Data           4  ultrasonic.o(.data)
    mag_limt                                 0x20000140   Data           4  hmc5883.o(.data)
    med_fil_cnt                              0x20000158   Data           4  algorithm_filter.o(.data)
    VirtAddVarTab                            0x200001b0   Data         150  algorithm_sqlite.o(.data)
    rcReadRawFunc                            0x20000248   Data           4  multirotor_rc.o(.data)
    b_IIR                                    0x20000258   Data          40  multirotor_ahrs.o(.data)
    a_IIR                                    0x20000280   Data          40  multirotor_ahrs.o(.data)
    yawangle                                 0x200002a8   Data           4  multirotor_ahrs.o(.data)
    testtime                                 0x200002ac   Data           2  multirotor_ahrs.o(.data)
    NumQ                                     0x200002b0   Data          16  multirotor_ahrs.o(.data)
    MAG                                      0x200002c0   Data           6  multirotor_ahrs.o(.data)
    i                                        0x200002e0   Data           4  multirotor_radio.o(.data)
    F                                        0x200002e4   Data           4  multirotor_radio.o(.data)
    sw                                       0x200002e8   Data           4  multirotor_radio.o(.data)
    HtoEs_test                               0x200002ec   Data          64  multirotor_radio.o(.data)
    CHK_SUM                                  0x2000032c   Data           4  multirotor_radio.o(.data)
    Flag_Uart_Send                           0x20000330   Data           1  multirotor_radio.o(.data)
    CH1_data                                 0x20000334   Data           4  multirotor_radio.o(.data)
    CH2_data                                 0x20000338   Data           4  multirotor_radio.o(.data)
    CH3_data                                 0x2000033c   Data           4  multirotor_radio.o(.data)
    CH4_data                                 0x20000340   Data           4  multirotor_radio.o(.data)
    CH5_data                                 0x20000344   Data           4  multirotor_radio.o(.data)
    CH6_data                                 0x20000348   Data           4  multirotor_radio.o(.data)
    CH7_data                                 0x2000034c   Data           4  multirotor_radio.o(.data)
    CH8_data                                 0x20000350   Data           4  multirotor_radio.o(.data)
    CH9_data                                 0x20000354   Data           4  multirotor_radio.o(.data)
    CH10_data                                0x20000358   Data           4  multirotor_radio.o(.data)
    CH11_data                                0x2000035c   Data           4  multirotor_radio.o(.data)
    CH12_data                                0x20000360   Data           4  multirotor_radio.o(.data)
    CH13_data                                0x20000364   Data           4  multirotor_radio.o(.data)
    CH14_data                                0x20000368   Data           4  multirotor_radio.o(.data)
    CH15_data                                0x2000036c   Data           4  multirotor_radio.o(.data)
    Longitude_val                            0x20000370   Data           4  multirotor_radio.o(.data)
    Latitude_Val                             0x20000374   Data           4  multirotor_radio.o(.data)
    Altitude_Val                             0x20000378   Data           4  multirotor_radio.o(.data)
    Dir_Val                                  0x2000037c   Data           4  multirotor_radio.o(.data)
    SPD_Val                                  0x20000380   Data           4  multirotor_radio.o(.data)
    Satellite_Val                            0x20000384   Data           1  multirotor_radio.o(.data)
    Voltage_Val                              0x20000388   Data           4  multirotor_radio.o(.data)
    Temperture_Val                           0x2000038c   Data           4  multirotor_radio.o(.data)
    Longitude_WE                             0x20000390   Data           1  multirotor_radio.o(.data)
    Latitude_NS                              0x20000391   Data           1  multirotor_radio.o(.data)
    Location_Sta                             0x20000392   Data           1  multirotor_radio.o(.data)
    Pitch_PID_P                              0x20000394   Data           4  multirotor_radio.o(.data)
    Pitch_PID_I                              0x20000398   Data           4  multirotor_radio.o(.data)
    Pitch_PID_D                              0x2000039c   Data           4  multirotor_radio.o(.data)
    Roll_PID_P                               0x200003a0   Data           4  multirotor_radio.o(.data)
    Roll_PID_I                               0x200003a4   Data           4  multirotor_radio.o(.data)
    Roll_PID_D                               0x200003a8   Data           4  multirotor_radio.o(.data)
    Yaw_PID_P                                0x200003ac   Data           4  multirotor_radio.o(.data)
    Yaw_PID_I                                0x200003b0   Data           4  multirotor_radio.o(.data)
    Yaw_PID_D                                0x200003b4   Data           4  multirotor_radio.o(.data)
    Alt_PID_P                                0x200003b8   Data           4  multirotor_radio.o(.data)
    Alt_PID_I                                0x200003bc   Data           4  multirotor_radio.o(.data)
    Alt_PID_D                                0x200003c0   Data           4  multirotor_radio.o(.data)
    Pos_PID_P                                0x200003c4   Data           4  multirotor_radio.o(.data)
    Pos_PID_I                                0x200003c8   Data           4  multirotor_radio.o(.data)
    Pos_PID_D                                0x200003cc   Data           4  multirotor_radio.o(.data)
    fg                                       0x200003d0   Data           1  multirotor_radio.o(.data)
    Moto_duty                                0x200003dc   Data           8  multirotor_control.o(.data)
    motor_array                              0x200003e4   Data           4  multirotor_control.o(.data)
    Thr_Weight                               0x200003e8   Data           4  multirotor_control.o(.data)
    thr_value                                0x200003ec   Data           4  multirotor_control.o(.data)
    Thr_Low                                  0x200003f0   Data           1  multirotor_control.o(.data)
    timetoconver                             0x200003fc   Data           1  multirotor_altitute.o(.data)
    keephigh                                 0x200003fd   Data           1  multirotor_altitute.o(.data)
    Ultrasonic_OK                            0x200003fe   Data           1  multirotor_altitute.o(.data)
    Acc_OK                                   0x200003ff   Data           1  multirotor_altitute.o(.data)
    Pressure_OK                              0x20000400   Data           1  multirotor_altitute.o(.data)
    height_ctrl_out                          0x20000404   Data           4  height_ctrl.o(.data)
    wz_acc                                   0x20000408   Data           4  height_ctrl.o(.data)
    keepheight_thr                           0x2000040c   Data           4  height_ctrl.o(.data)
    lock                                     0x20000410   Data           1  height_ctrl.o(.data)
    exp_height_speed                         0x20000414   Data           4  height_ctrl.o(.data)
    exp_height                               0x20000418   Data           4  height_ctrl.o(.data)
    ultra_speed                              0x2000041c   Data           4  height_ctrl.o(.data)
    ultra_speed_acc                          0x20000420   Data           4  height_ctrl.o(.data)
    ultra_dis_lpf                            0x20000424   Data           4  height_ctrl.o(.data)
    ultra_ctrl_out                           0x20000428   Data           4  height_ctrl.o(.data)
    wz_speed                                 0x2000042c   Data           4  height_ctrl.o(.data)
    wz_acc_mms2                              0x20000430   Data           4  height_ctrl.o(.data)
    tempacc_lpf                              0x20000434   Data           4  height_ctrl.o(.data)
    lock_spd_crl                             0x20000438   Data           1  height_ctrl.o(.data)
    baro_height                              0x2000043c   Data           4  height_ctrl.o(.data)
    baro_height_old                          0x20000440   Data           4  height_ctrl.o(.data)
    lock_BARO                                0x20000444   Data           1  height_ctrl.o(.data)
    baro_dis_lpf                             0x20000448   Data           4  height_ctrl.o(.data)
    baro_dis_kalman                          0x2000044c   Data           4  height_ctrl.o(.data)
    baro_ctrl_out                            0x20000450   Data           4  height_ctrl.o(.data)
    baro_cnt                                 0x20000454   Data           4  height_ctrl.o(.data)
    acc_cnt                                  0x20000458   Data           4  height_ctrl.o(.data)
    baro_speed                               0x2000045c   Data           4  height_ctrl.o(.data)
    baro_speed_lpf                           0x20000460   Data           4  height_ctrl.o(.data)
    Pressure_groud                           0x20000464   Data           4  height_ctrl.o(.data)
    realtime                                 0x20000488   Data           4  ano_dt.o(.data)
    realdata                                 0x2000048c   Data           4  ano_dt.o(.data)
    TxCounter                                0x2000049a   Data           1  stm32f10x_it.o(.data)
    count                                    0x2000049b   Data           1  stm32f10x_it.o(.data)
    Rxcounter                                0x2000049c   Data           1  stm32f10x_it.o(.data)
    count_rx                                 0x2000049d   Data           1  stm32f10x_it.o(.data)
    Rise                                     0x200004a4   Data          16  pwm_in.o(.bss)
    Drop                                     0x200004b4   Data          16  pwm_in.o(.bss)
    RC_Pwm_In                                0x200004c4   Data          16  pwm_in.o(.bss)
    RC_Pwm_In_his                            0x200004d4   Data          16  pwm_in.o(.bss)
    mpu6050_buffer                           0x200004e4   Data          14  mpu6050.o(.bss)
    sensor                                   0x200004f4   Data         104  mpu6050.o(.bss)
    Cal_C                                    0x20000560   Data          28  ms5611.o(.bss)
    Pres_BUFFER                              0x2000057c   Data          80  ms5611.o(.bss)
    Temp_BUFFER                              0x200005cc   Data         400  ms5611.o(.bss)
    Pressure_Filterbuffer                    0x20000760   Data          80  ms5611.o(.bss)
    HMC58X3_limit                            0x200007b0   Data          12  hmc5883.o(.bss)
    magdata                                  0x200007bc   Data          12  hmc5883.o(.bss)
    med_filter_tmp                           0x200007d4   Data         176  algorithm_filter.o(.bss)
    med_filter_out                           0x20000884   Data          16  algorithm_filter.o(.bss)
    RC_Data                                  0x20000894   Data          28  multirotor_rc.o(.bss)
    RXBUF                                    0x20000900   Data          32  multirotor_app.o(.bss)
    flag                                     0x20000920   Data          23  multirotor_app.o(.bss)
    Kalman_Data                              0x20000938   Data          16  multirotor_app.o(.bss)
    InPut_IIR                                0x20000958   Data         120  multirotor_ahrs.o(.bss)
    OutPut_IIR                               0x200009d0   Data         120  multirotor_ahrs.o(.bss)
    AngE                                     0x20000a48   Data          12  multirotor_ahrs.o(.bss)
    V                                        0x20000a54   Data          12  multirotor_ahrs.o(.bss)
    HtoEs_OutPut_Buffer                      0x20000a60   Data          64  multirotor_radio.o(.bss)
    ctrl                                     0x20000b60   Data         220  multirotor_control.o(.bss)
    Target                                   0x20000c3c   Data          16  multirotor_control.o(.bss)
    ultra_ctrl                               0x20000c4c   Data          20  height_ctrl.o(.bss)
    ultra_pid                                0x20000c60   Data          12  height_ctrl.o(.bss)
    wz_speed_pid_v                           0x20000c6c   Data          20  height_ctrl.o(.bss)
    wz_speed_pid                             0x20000c80   Data          12  height_ctrl.o(.bss)
    ultra_wz_speed_pid                       0x20000c8c   Data          12  height_ctrl.o(.bss)
    baro_wz_speed_pid                        0x20000c98   Data          12  height_ctrl.o(.bss)
    baro_speed_arr                           0x20000ca4   Data          44  height_ctrl.o(.bss)
    acc_speed_arr                            0x20000cd0   Data         204  height_ctrl.o(.bss)
    baro_ctrl                                0x20000d9c   Data          20  height_ctrl.o(.bss)
    baro_pid                                 0x20000db0   Data          12  height_ctrl.o(.bss)
    f                                        0x20000dbc   Data          16  ano_dt.o(.bss)
    data_to_send                             0x20000dcc   Data          96  ano_dt.o(.bss)
    userdata1                                0x20000e2c   Data          52  ano_dt.o(.bss)
    userdata2                                0x20000e60   Data          52  ano_dt.o(.bss)
    TxBuffer                                 0x20000e94   Data         256  stm32f10x_it.o(.bss)
    Rx_Buf                                   0x20000f94   Data         256  stm32f10x_it.o(.bss)
    __initial_sp                             0x20003098   Data           0  startup_stm32f10x_hd.o(STACK)



==============================================================================

Memory Map of the image

  Image Entry point : 0x08000131

  Load Region LR_IROM1 (Base: 0x08000000, Size: 0x0000a76c, Max: 0x00080000, ABSOLUTE, COMPRESSED[0x0000a3d0])

    Execution Region ER_IROM1 (Base: 0x08000000, Size: 0x0000a2c8, Max: 0x00080000, ABSOLUTE)

    Base Addr    Size         Type   Attr      Idx    E Section Name        Object

    0x08000000   0x00000130   Data   RO          132    RESET               startup_stm32f10x_hd.o
    0x08000130   0x00000000   Code   RO         3914  * .ARM.Collect$$$$00000000  mc_w.l(entry.o)
    0x08000130   0x00000004   Code   RO         4029    .ARM.Collect$$$$00000001  mc_w.l(entry2.o)
    0x08000134   0x00000004   Code   RO         4032    .ARM.Collect$$$$00000004  mc_w.l(entry5.o)
    0x08000138   0x00000000   Code   RO         4034    .ARM.Collect$$$$00000008  mc_w.l(entry7b.o)
    0x08000138   0x00000000   Code   RO         4036    .ARM.Collect$$$$0000000A  mc_w.l(entry8b.o)
    0x08000138   0x00000008   Code   RO         4037    .ARM.Collect$$$$0000000B  mc_w.l(entry9a.o)
    0x08000140   0x00000000   Code   RO         4039    .ARM.Collect$$$$0000000D  mc_w.l(entry10a.o)
    0x08000140   0x00000000   Code   RO         4041    .ARM.Collect$$$$0000000F  mc_w.l(entry11a.o)
    0x08000140   0x00000004   Code   RO         4030    .ARM.Collect$$$$00002712  mc_w.l(entry2.o)
    0x08000144   0x00000024   Code   RO          133    .text               startup_stm32f10x_hd.o
    0x08000168   0x00000062   Code   RO         3917    .text               mc_w.l(uldiv.o)
    0x080001ca   0x000000b0   Code   RO         3919    .text               mf_w.l(fadd.o)
    0x0800027a   0x00000064   Code   RO         3921    .text               mf_w.l(fmul.o)
    0x080002de   0x0000007c   Code   RO         3923    .text               mf_w.l(fdiv.o)
    0x0800035a   0x0000014e   Code   RO         3925    .text               mf_w.l(dadd.o)
    0x080004a8   0x000000e4   Code   RO         3927    .text               mf_w.l(dmul.o)
    0x0800058c   0x000000de   Code   RO         3929    .text               mf_w.l(ddiv.o)
    0x0800066a   0x00000012   Code   RO         3931    .text               mf_w.l(fflti.o)
    0x0800067c   0x0000000a   Code   RO         3933    .text               mf_w.l(ffltui.o)
    0x08000686   0x0000001c   Code   RO         3935    .text               mf_w.l(ffltul.o)
    0x080006a2   0x00000022   Code   RO         3937    .text               mf_w.l(dflti.o)
    0x080006c4   0x0000001a   Code   RO         3939    .text               mf_w.l(dfltui.o)
    0x080006de   0x00000018   Code   RO         3941    .text               mf_w.l(dfltul.o)
    0x080006f6   0x00000032   Code   RO         3943    .text               mf_w.l(ffixi.o)
    0x08000728   0x00000028   Code   RO         3945    .text               mf_w.l(ffixui.o)
    0x08000750   0x0000003e   Code   RO         3947    .text               mf_w.l(dfixi.o)
    0x0800078e   0x00000032   Code   RO         3949    .text               mf_w.l(dfixui.o)
    0x080007c0   0x00000026   Code   RO         3951    .text               mf_w.l(f2d.o)
    0x080007e6   0x00000038   Code   RO         3957    .text               mf_w.l(d2f.o)
    0x0800081e   0x00000002   PAD
    0x08000820   0x00000014   Code   RO         3959    .text               mf_w.l(cfcmple.o)
    0x08000834   0x00000014   Code   RO         3961    .text               mf_w.l(cfrcmple.o)
    0x08000848   0x0000001e   Code   RO         4043    .text               mc_w.l(llshl.o)
    0x08000866   0x00000020   Code   RO         4045    .text               mc_w.l(llushr.o)
    0x08000886   0x00000024   Code   RO         4047    .text               mc_w.l(llsshr.o)
    0x080008aa   0x00000000   Code   RO         4056    .text               mc_w.l(iusefp.o)
    0x080008aa   0x0000006e   Code   RO         4057    .text               mf_w.l(fepilogue.o)
    0x08000918   0x00000018   Code   RO         4059    .text               mf_w.l(fscalb.o)
    0x08000930   0x000000ba   Code   RO         4063    .text               mf_w.l(depilogue.o)
    0x080009ea   0x00000002   PAD
    0x080009ec   0x00000024   Code   RO         4069    .text               mc_w.l(init.o)
    0x08000a10   0x0000005e   Code   RO         4071    .text               mf_w.l(fsqrt.o)
    0x08000a6e   0x0000002e   Code   RO         4073    .text               mf_w.l(dscalb.o)
    0x08000a9c   0x00000056   Code   RO         4083    .text               mc_w.l(__dczerorl2.o)
    0x08000af2   0x00000002   PAD
    0x08000af4   0x00000278   Code   RO         3391    i.AHRS_GetQ         multirotor_ahrs.o
    0x08000d6c   0x00000254   Code   RO         3392    i.AHRS_Geteuler     multirotor_ahrs.o
    0x08000fc0   0x00000170   Code   RO         3393    i.AHRS_getValues    multirotor_ahrs.o
    0x08001130   0x00000610   Code   RO         3676    i.ANO_DT_Data_Exchange  ano_dt.o
    0x08001740   0x000005b0   Code   RO         3677    i.ANO_DT_Data_Receive_Anl  ano_dt.o
    0x08001cf0   0x00000068   Code   RO         3678    i.ANO_DT_Send_Check  ano_dt.o
    0x08001d58   0x0000004c   Code   RO         3679    i.ANO_DT_Send_Data  ano_dt.o
    0x08001da4   0x0000012c   Code   RO         3680    i.ANO_DT_Send_MotoPWM  ano_dt.o
    0x08001ed0   0x000001c0   Code   RO         3681    i.ANO_DT_Send_PID   ano_dt.o
    0x08002090   0x00000164   Code   RO         3683    i.ANO_DT_Send_RCData  ano_dt.o
    0x080021f4   0x0000017c   Code   RO         3684    i.ANO_DT_Send_Senser  ano_dt.o
    0x08002370   0x000000bc   Code   RO         3685    i.ANO_DT_Send_Senser2  ano_dt.o
    0x0800242c   0x00000144   Code   RO         3686    i.ANO_DT_Send_Status  ano_dt.o
    0x08002570   0x000000c4   Code   RO         3687    i.ANO_DT_Send_Version  ano_dt.o
    0x08002634   0x00000364   Code   RO         3688    i.ANO_DT_Send_userdata  ano_dt.o
    0x08002998   0x00000030   Code   RO         3564    i.Altitute_calculate  multirotor_altitute.o
    0x080029c8   0x0000028c   Code   RO         3515    i.Attitude_RatePID  multirotor_control.o
    0x08002c54   0x00000258   Code   RO         3599    i.Baro_Ctrl         height_ctrl.o
    0x08002eac   0x0000001c   Code   RO         3600    i.Baro_PID_Init     height_ctrl.o
    0x08002ec8   0x0000020c   Code   RO         3601    i.Baro_dataporcess  height_ctrl.o
    0x080030d4   0x00000004   Code   RO         3779    i.BusFault_Handler  stm32f10x_it.o
    0x080030d8   0x0000019c   Code   RO         3516    i.CONTROL           multirotor_control.o
    0x08003274   0x0000012c   Code   RO         3517    i.Calculate_Target  multirotor_control.o
    0x080033a0   0x00000018   Code   RO         3780    i.DMA1_Channel4_IRQHandler  stm32f10x_it.o
    0x080033b8   0x0000001c   Code   RO         1705    i.DMA_ClearFlag     stm32f10x_dma.o
    0x080033d4   0x00000018   Code   RO         1707    i.DMA_Cmd           stm32f10x_dma.o
    0x080033ec   0x0000014c   Code   RO         1708    i.DMA_DeInit        stm32f10x_dma.o
    0x08003538   0x00000012   Code   RO         1712    i.DMA_ITConfig      stm32f10x_dma.o
    0x0800354a   0x0000003c   Code   RO         1713    i.DMA_Init          stm32f10x_dma.o
    0x08003586   0x00000002   PAD
    0x08003588   0x00000068   Code   RO         2654    i.DMA_USART1_Configuration  usart.o
    0x080035f0   0x00000002   Code   RO         3781    i.DebugMon_Handler  stm32f10x_it.o
    0x080035f2   0x00000002   PAD
    0x080035f4   0x0000002c   Code   RO         3085    i.Degree            algorithm_math.o
    0x08003620   0x00000074   Code   RO         3319    i.ECS_Calibrate     multirotor_rc.o
    0x08003694   0x00000058   Code   RO         2746    i.EE_FindValidPage  eeprom.o
    0x080036ec   0x0000003c   Code   RO         2747    i.EE_Format         eeprom.o
    0x08003728   0x00000010   Code   RO         2748    i.EE_Init           eeprom.o
    0x08003738   0x000000f4   Code   RO         2749    i.EE_PageTransfer   eeprom.o
    0x0800382c   0x00000030   Code   RO         3148    i.EE_READ_ACC_OFFSET  algorithm_sqlite.o
    0x0800385c   0x000002b8   Code   RO         3149    i.EE_READ_Attitude_PID  algorithm_sqlite.o
    0x08003b14   0x00000054   Code   RO         3150    i.EE_READ_MAG_OFFSET  algorithm_sqlite.o
    0x08003b68   0x00000064   Code   RO         2750    i.EE_ReadVariable   eeprom.o
    0x08003bcc   0x00000038   Code   RO         3151    i.EE_SAVE_ACC_OFFSET  algorithm_sqlite.o
    0x08003c04   0x0000028c   Code   RO         3152    i.EE_SAVE_Attitude_PID  algorithm_sqlite.o
    0x08003e90   0x0000002c   Code   RO         3153    i.EE_SAVE_MAG_OFFSET  algorithm_sqlite.o
    0x08003ebc   0x00000088   Code   RO         2751    i.EE_VerifyPageFullWriteVariable  eeprom.o
    0x08003f44   0x00000024   Code   RO         2752    i.EE_WriteVariable  eeprom.o
    0x08003f68   0x0000004c   Code   RO         1782    i.FLASH_ErasePage   stm32f10x_flash.o
    0x08003fb4   0x00000034   Code   RO         1783    i.FLASH_GetBank1Status  stm32f10x_flash.o
    0x08003fe8   0x00000040   Code   RO         1795    i.FLASH_ProgramHalfWord  stm32f10x_flash.o
    0x08004028   0x00000018   Code   RO         1800    i.FLASH_Unlock      stm32f10x_flash.o
    0x08004040   0x00000026   Code   RO         1804    i.FLASH_WaitForLastOperation  stm32f10x_flash.o
    0x08004066   0x00000002   PAD
    0x08004068   0x00000074   Code   RO         2209    i.FailSafeLEDAlarm  led.o
    0x080040dc   0x00000116   Code   RO          563    i.GPIO_Init         stm32f10x_gpio.o
    0x080041f2   0x00000002   PAD
    0x080041f4   0x00000090   Code   RO          565    i.GPIO_PinRemapConfig  stm32f10x_gpio.o
    0x08004284   0x00000012   Code   RO          567    i.GPIO_ReadInputDataBit  stm32f10x_gpio.o
    0x08004296   0x00000004   Code   RO          570    i.GPIO_ResetBits    stm32f10x_gpio.o
    0x0800429a   0x00000004   Code   RO          571    i.GPIO_SetBits      stm32f10x_gpio.o
    0x0800429e   0x00000002   PAD
    0x080042a0   0x00000058   Code   RO         2930    i.Get_High          ms5611.o
    0x080042f8   0x00000070   Code   RO         2887    i.Gyro_Caloffest    mpu6050.o
    0x08004368   0x00000234   Code   RO         2888    i.Gyro_OFFSET       mpu6050.o
    0x0800459c   0x00000190   Code   RO         3008    i.HMC5883lRead      hmc5883.o
    0x0800472c   0x00000004   Code   RO         3782    i.HardFault_Handler  stm32f10x_it.o
    0x08004730   0x00000540   Code   RO         3602    i.Height_Ctrl       height_ctrl.o
    0x08004c70   0x0000003c   Code   RO         2439    i.I2C_Ack           i2c.o
    0x08004cac   0x00000050   Code   RO         2440    i.I2C_INIT          i2c.o
    0x08004cfc   0x0000003c   Code   RO         2441    i.I2C_NoAck         i2c.o
    0x08004d38   0x00000058   Code   RO         2442    i.I2C_RadeByte      i2c.o
    0x08004d90   0x00000064   Code   RO         2443    i.I2C_Read          i2c.o
    0x08004df4   0x0000005c   Code   RO         2444    i.I2C_SendByte      i2c.o
    0x08004e50   0x00000060   Code   RO         2445    i.I2C_Start         i2c.o
    0x08004eb0   0x0000003c   Code   RO         2446    i.I2C_Stop          i2c.o
    0x08004eec   0x0000005c   Code   RO         2447    i.I2C_WaitAck       i2c.o
    0x08004f48   0x00000004   Code   RO         2448    i.I2C_delay         i2c.o
    0x08004f4c   0x000000f2   Code   RO         3039    i.IIR_I_Filter      algorithm_filter.o
    0x0800503e   0x00000002   PAD
    0x08005040   0x00000064   Code   RO         2753    i.InitCurrWrAddress  eeprom.o
    0x080050a4   0x0000005c   Code   RO         2889    i.InitMPU6050       mpu6050.o
    0x08005100   0x00000060   Code   RO         2210    i.LEDReflash        led.o
    0x08005160   0x000000c8   Code   RO         2211    i.LED_Fsm           led.o
    0x08005228   0x00000078   Code   RO         2212    i.LED_GPIO_Config   led.o
    0x080052a0   0x00000070   Code   RO         2213    i.LED_SHOW          led.o
    0x08005310   0x00000032   Code   RO         3041    i.LPF_1st           algorithm_filter.o
    0x08005342   0x00000002   PAD
    0x08005344   0x000000fc   Code   RO         3603    i.LockForKeepHigh   height_ctrl.o
    0x08005440   0x00000194   Code   RO         2890    i.MPU6050_Dataanl   mpu6050.o
    0x080055d4   0x00000098   Code   RO         2891    i.MPU6050_Read      mpu6050.o
    0x0800566c   0x00000062   Code   RO         2932    i.MS561101BA_getConversion  ms5611.o
    0x080056ce   0x00000002   PAD
    0x080056d0   0x000002f0   Code   RO         2933    i.MS561101BA_getPressure  ms5611.o
    0x080059c0   0x000000d8   Code   RO         2934    i.MS561101BA_getTemperature  ms5611.o
    0x08005a98   0x00000022   Code   RO         2935    i.MS561101BA_startConversion  ms5611.o
    0x08005aba   0x00000002   PAD
    0x08005abc   0x00000288   Code   RO         3010    i.Mag_Calibration   hmc5883.o
    0x08005d44   0x00000004   Code   RO         3783    i.MemManage_Handler  stm32f10x_it.o
    0x08005d48   0x00000270   Code   RO         3518    i.Motor_Conter      multirotor_control.o
    0x08005fb8   0x0000006c   Code   RO         3042    i.Moving_Average    algorithm_filter.o
    0x08006024   0x000000c0   Code   RO         3043    i.Moving_Median     algorithm_filter.o
    0x080060e4   0x00000002   Code   RO         3784    i.NMI_Handler       stm32f10x_it.o
    0x080060e6   0x00000002   PAD
    0x080060e8   0x00000070   Code   RO          341    i.NVIC_Init         misc.o
    0x08006158   0x00000014   Code   RO          342    i.NVIC_PriorityGroupConfig  misc.o
    0x0800616c   0x00000098   Code   RO         2582    i.Nvic_Init         time.o
    0x08006204   0x00000184   Code   RO         2806    i.PWM_IN_Config     pwm_in.o
    0x08006388   0x0000005c   Code   RO         2603    i.PWM_OUT_Config    moto.o
    0x080063e4   0x000000a0   Code   RO         3154    i.ParamLoad         algorithm_sqlite.o
    0x08006484   0x00000002   Code   RO         3785    i.PendSV_Handler    stm32f10x_it.o
    0x08006486   0x00000002   PAD
    0x08006488   0x00000050   Code   RO         3086    i.Q_rsqrt           algorithm_math.o
    0x080064d8   0x0000007a   Code   RO         3197    i.Quaternion_Normalize  algorithm_quaternion.o
    0x08006552   0x00000120   Code   RO         3198    i.Quaternion_RungeKutta  algorithm_quaternion.o
    0x08006672   0x00000002   PAD
    0x08006674   0x00000134   Code   RO         3199    i.Quaternion_ToAngE  algorithm_quaternion.o
    0x080067a8   0x00000094   Code   RO         3201    i.Quaternion_vectorGravity  algorithm_quaternion.o
    0x0800683c   0x00000020   Code   RO          138    i.RCC_AHBPeriphClockCmd  stm32f10x_rcc.o
    0x0800685c   0x00000020   Code   RO          139    i.RCC_APB1PeriphClockCmd  stm32f10x_rcc.o
    0x0800687c   0x00000020   Code   RO          140    i.RCC_APB1PeriphResetCmd  stm32f10x_rcc.o
    0x0800689c   0x00000020   Code   RO          141    i.RCC_APB2PeriphClockCmd  stm32f10x_rcc.o
    0x080068bc   0x00000020   Code   RO          142    i.RCC_APB2PeriphResetCmd  stm32f10x_rcc.o
    0x080068dc   0x000000d4   Code   RO          149    i.RCC_GetClocksFreq  stm32f10x_rcc.o
    0x080069b0   0x00000168   Code   RO         3320    i.RC_Data_Refine    multirotor_rc.o
    0x08006b18   0x000001b8   Code   RO         3321    i.RC_directive      multirotor_rc.o
    0x08006cd0   0x00000014   Code   RO         3322    i.RDAU              multirotor_rc.o
    0x08006ce4   0x0000002c   Code   RO         3087    i.Rad               algorithm_math.o
    0x08006d10   0x00000018   Code   RO         3519    i.Reset_Integral    multirotor_control.o
    0x08006d28   0x00000002   Code   RO         3786    i.SVC_Handler       stm32f10x_it.o
    0x08006d2a   0x00000008   Code   RO            1    i.SetSysClock       system_stm32f10x.o
    0x08006d32   0x00000002   PAD
    0x08006d34   0x000000e0   Code   RO            2    i.SetSysClockTo72   system_stm32f10x.o
    0x08006e14   0x00000050   Code   RO         2449    i.Single_Read       i2c.o
    0x08006e64   0x00000046   Code   RO         2450    i.Single_Write      i2c.o
    0x08006eaa   0x00000002   PAD
    0x08006eac   0x00000060   Code   RO            4    i.SystemInit        system_stm32f10x.o
    0x08006f0c   0x00000048   Code   RO         3358    i.System_Init       multirotor_app.o
    0x08006f54   0x00000080   Code   RO          935    i.TI1_Config        stm32f10x_tim.o
    0x08006fd4   0x00000098   Code   RO          936    i.TI2_Config        stm32f10x_tim.o
    0x0800706c   0x00000090   Code   RO          937    i.TI3_Config        stm32f10x_tim.o
    0x080070fc   0x00000098   Code   RO          938    i.TI4_Config        stm32f10x_tim.o
    0x08007194   0x000001f4   Code   RO         2807    i.TIM2_IRQHandler   pwm_in.o
    0x08007388   0x00000220   Code   RO         2808    i.TIM3_IRQHandler   pwm_in.o
    0x080075a8   0x00000050   Code   RO         2583    i.TIM5_Config       time.o
    0x080075f8   0x0000006c   Code   RO         3787    i.TIM5_IRQHandler   stm32f10x_it.o
    0x08007664   0x00000018   Code   RO          939    i.TIM_ARRPreloadConfig  stm32f10x_tim.o
    0x0800767c   0x00000006   Code   RO          945    i.TIM_ClearFlag     stm32f10x_tim.o
    0x08007682   0x00000006   Code   RO          946    i.TIM_ClearITPendingBit  stm32f10x_tim.o
    0x08007688   0x00000018   Code   RO          951    i.TIM_Cmd           stm32f10x_tim.o
    0x080076a0   0x0000001e   Code   RO          953    i.TIM_CtrlPWMOutputs  stm32f10x_tim.o
    0x080076be   0x00000002   PAD
    0x080076c0   0x000001e8   Code   RO          956    i.TIM_DeInit        stm32f10x_tim.o
    0x080078a8   0x00000006   Code   RO          966    i.TIM_GetCapture1   stm32f10x_tim.o
    0x080078ae   0x00000006   Code   RO          967    i.TIM_GetCapture2   stm32f10x_tim.o
    0x080078b4   0x00000006   Code   RO          968    i.TIM_GetCapture3   stm32f10x_tim.o
    0x080078ba   0x00000008   Code   RO          969    i.TIM_GetCapture4   stm32f10x_tim.o
    0x080078c2   0x00000022   Code   RO          972    i.TIM_GetITStatus   stm32f10x_tim.o
    0x080078e4   0x000000ac   Code   RO          974    i.TIM_ICInit        stm32f10x_tim.o
    0x08007990   0x00000012   Code   RO          976    i.TIM_ITConfig      stm32f10x_tim.o
    0x080079a2   0x00000002   PAD
    0x080079a4   0x00000098   Code   RO          980    i.TIM_OC1Init       stm32f10x_tim.o
    0x08007a3c   0x00000012   Code   RO          982    i.TIM_OC1PolarityConfig  stm32f10x_tim.o
    0x08007a4e   0x00000012   Code   RO          983    i.TIM_OC1PreloadConfig  stm32f10x_tim.o
    0x08007a60   0x000000a4   Code   RO          985    i.TIM_OC2Init       stm32f10x_tim.o
    0x08007b04   0x0000001a   Code   RO          987    i.TIM_OC2PolarityConfig  stm32f10x_tim.o
    0x08007b1e   0x0000001a   Code   RO          988    i.TIM_OC2PreloadConfig  stm32f10x_tim.o
    0x08007b38   0x000000a0   Code   RO          990    i.TIM_OC3Init       stm32f10x_tim.o
    0x08007bd8   0x0000001a   Code   RO          992    i.TIM_OC3PolarityConfig  stm32f10x_tim.o
    0x08007bf2   0x00000012   Code   RO          993    i.TIM_OC3PreloadConfig  stm32f10x_tim.o
    0x08007c04   0x0000007c   Code   RO          995    i.TIM_OC4Init       stm32f10x_tim.o
    0x08007c80   0x0000001a   Code   RO          996    i.TIM_OC4PolarityConfig  stm32f10x_tim.o
    0x08007c9a   0x0000001a   Code   RO          997    i.TIM_OC4PreloadConfig  stm32f10x_tim.o
    0x08007cb4   0x00000012   Code   RO         1017    i.TIM_SetIC1Prescaler  stm32f10x_tim.o
    0x08007cc6   0x0000001a   Code   RO         1018    i.TIM_SetIC2Prescaler  stm32f10x_tim.o
    0x08007ce0   0x00000012   Code   RO         1019    i.TIM_SetIC3Prescaler  stm32f10x_tim.o
    0x08007cf2   0x0000001a   Code   RO         1020    i.TIM_SetIC4Prescaler  stm32f10x_tim.o
    0x08007d0c   0x000000a4   Code   RO         1022    i.TIM_TimeBaseInit  stm32f10x_tim.o
    0x08007db0   0x00000054   Code   RO         3359    i.Task              multirotor_app.o
    0x08007e04   0x00000108   Code   RO         3520    i.Thr_Ctrl          multirotor_control.o
    0x08007f0c   0x000000cc   Code   RO         2604    i.Tim1_init         moto.o
    0x08007fd8   0x000000a0   Code   RO         2605    i.Tim4_init         moto.o
    0x08008078   0x000000bc   Code   RO         3360    i.Time_slice        multirotor_app.o
    0x08008134   0x00000094   Code   RO         2657    i.USART1_Config     usart.o
    0x080081c8   0x00000054   Code   RO         3788    i.USART1_IRQHandler  stm32f10x_it.o
    0x0800821c   0x0000001e   Code   RO          378    i.USART_ClearITPendingBit  stm32f10x_usart.o
    0x0800823a   0x00000018   Code   RO          381    i.USART_Cmd         stm32f10x_usart.o
    0x08008252   0x00000012   Code   RO          382    i.USART_DMACmd      stm32f10x_usart.o
    0x08008264   0x00000054   Code   RO          385    i.USART_GetITStatus  stm32f10x_usart.o
    0x080082b8   0x0000004a   Code   RO          387    i.USART_ITConfig    stm32f10x_usart.o
    0x08008302   0x00000002   PAD
    0x08008304   0x000000d8   Code   RO          388    i.USART_Init        stm32f10x_usart.o
    0x080083dc   0x00000268   Code   RO         3604    i.Ultra_Ctrl        height_ctrl.o
    0x08008644   0x0000001c   Code   RO         3605    i.Ultra_PID_Init    height_ctrl.o
    0x08008660   0x00000320   Code   RO         3606    i.Ultra_dataporcess  height_ctrl.o
    0x08008980   0x00000034   Code   RO         2983    i.Ultrasonic_Config  ultrasonic.o
    0x080089b4   0x00000020   Code   RO         2984    i.Ultrasonic_Pulsing  ultrasonic.o
    0x080089d4   0x00000004   Code   RO         3789    i.UsageFault_Handler  stm32f10x_it.o
    0x080089d8   0x00000038   Code   RO         3438    i.Usart1_Send       multirotor_radio.o
    0x08008a10   0x0000006c   Code   RO         3088    i.VariableParameter  algorithm_math.o
    0x08008a7c   0x0000004c   Code   RO         3607    i.WZ_Speed_PID_Init  height_ctrl.o
    0x08008ac8   0x00000028   Code   RO         4065    i.__ARM_fpclassify  m_ws.l(fpclassify.o)
    0x08008af0   0x00000026   Code   RO         3990    i.__ARM_fpclassifyf  m_ws.l(fpclassifyf.o)
    0x08008b16   0x00000002   PAD
    0x08008b18   0x000001fc   Code   RO         2754    i.__EE_Init         eeprom.o
    0x08008d14   0x00000388   Code   RO         4007    i.__ieee754_rem_pio2  m_ws.l(rred.o)
    0x0800909c   0x000000fc   Code   RO         3973    i.__kernel_cos      m_ws.l(cos_i.o)
    0x08009198   0x000000aa   Code   RO         4067    i.__kernel_poly     m_ws.l(poly.o)
    0x08009242   0x00000002   PAD
    0x08009244   0x000000ec   Code   RO         4015    i.__kernel_sin      m_ws.l(sin_i.o)
    0x08009330   0x00000006   Code   RO         3977    i.__mathlib_dbl_infnan  m_ws.l(dunder.o)
    0x08009336   0x00000004   Code   RO         3978    i.__mathlib_dbl_infnan2  m_ws.l(dunder.o)
    0x0800933a   0x0000000c   Code   RO         3979    i.__mathlib_dbl_invalid  m_ws.l(dunder.o)
    0x08009346   0x00000002   PAD
    0x08009348   0x00000010   Code   RO         3982    i.__mathlib_dbl_underflow  m_ws.l(dunder.o)
    0x08009358   0x00000006   Code   RO         3993    i.__mathlib_flt_infnan  m_ws.l(funder.o)
    0x0800935e   0x00000004   Code   RO         3994    i.__mathlib_flt_infnan2  m_ws.l(funder.o)
    0x08009362   0x00000008   Code   RO         3995    i.__mathlib_flt_invalid  m_ws.l(funder.o)
    0x0800936a   0x0000000a   Code   RO         3998    i.__mathlib_flt_underflow  m_ws.l(funder.o)
    0x08009374   0x0000000e   Code   RO         4077    i.__scatterload_copy  mc_w.l(handlers.o)
    0x08009382   0x00000002   Code   RO         4078    i.__scatterload_null  mc_w.l(handlers.o)
    0x08009384   0x0000000e   Code   RO         4079    i.__scatterload_zeroinit  mc_w.l(handlers.o)
    0x08009392   0x00000002   PAD
    0x08009394   0x0000000c   Code   RO         4051    i.__set_errno       mc_w.l(errno.o)
    0x080093a0   0x00000016   Code   RO         3090    i.array_assign      algorithm_math.o
    0x080093b6   0x00000002   PAD
    0x080093b8   0x00000124   Code   RO         3859    i.asinf             m_ws.l(asinf.o)
    0x080094dc   0x00000220   Code   RO         3964    i.atan              m_ws.l(atan.o)
    0x080096fc   0x00000180   Code   RO         3867    i.atan2             m_ws.l(atan2.o)
    0x0800987c   0x0000025c   Code   RO         3875    i.atan2f            m_ws.l(atan2f.o)
    0x08009ad8   0x0000009c   Code   RO         3883    i.cos               m_ws.l(cos.o)
    0x08009b74   0x00000026   Code   RO         3093    i.data_limit        algorithm_math.o
    0x08009b9a   0x00000018   Code   RO         2714    i.delay             delay.o
    0x08009bb2   0x0000000e   Code   RO         2451    i.delay5ms          i2c.o
    0x08009bc0   0x00000040   Code   RO         2715    i.delay_init        delay.o
    0x08009c00   0x0000003c   Code   RO         2716    i.delay_ms          delay.o
    0x08009c3c   0x0000003c   Code   RO         2717    i.delay_us          delay.o
    0x08009c78   0x000001dc   Code   RO         3608    i.height_speed_ctrl  height_ctrl.o
    0x08009e54   0x0000001c   Code   RO         3767    i.main              main.o
    0x08009e70   0x0000006c   Code   RO         2606    i.moto_PwmRflash    moto.o
    0x08009edc   0x0000001c   Code   RO         2607    i.moto_STOP         moto.o
    0x08009ef8   0x0000002c   Code   RO         3245    i.my_deathzoom_2    mymath.o
    0x08009f24   0x000000a0   Code   RO         3899    i.sin               m_ws.l(sin.o)
    0x08009fc4   0x0000002c   Code   RO         4022    i.sqrtf             m_ws.l(sqrtf.o)
    0x08009ff0   0x000000f4   Code   RO         3440    i.usart_data_RX     multirotor_radio.o
    0x0800a0e4   0x00000004   PAD
    0x0800a0e8   0x00000098   Data   RO         3965    .constdata          m_ws.l(atan.o)
    0x0800a180   0x00000030   Data   RO         3974    .constdata          m_ws.l(cos_i.o)
    0x0800a1b0   0x00000008   Data   RO         4006    .constdata          m_ws.l(qnan.o)
    0x0800a1b8   0x000000c8   Data   RO         4009    .constdata          m_ws.l(rred.o)
    0x0800a280   0x00000028   Data   RO         4016    .constdata          m_ws.l(sin_i.o)
    0x0800a2a8   0x00000020   Data   RO         4075    Region$$Table       anon$$obj.o


    Execution Region RW_IRAM1 (Base: 0x20000000, Size: 0x00003098, Max: 0x00010000, ABSOLUTE, COMPRESSED[0x00000108])

    Base Addr    Size         Type   Attr      Idx    E Section Name        Object

    0x20000000   0x00000014   Data   RW          169    .data               stm32f10x_rcc.o
    0x20000014   0x00000005   Data   RW         2214    .data               led.o
    0x20000019   0x00000006   Data   RW         2661    .data               usart.o
    0x2000001f   0x00000001   PAD
    0x20000020   0x00000004   Data   RW         2718    .data               delay.o
    0x20000024   0x00000008   Data   RW         2755    .data               eeprom.o
    0x2000002c   0x00000019   Data   RW         2810    .data               pwm_in.o
    0x20000045   0x00000003   PAD
    0x20000048   0x0000000e   Data   RW         2893    .data               mpu6050.o
    0x20000056   0x00000002   PAD
    0x20000058   0x000000a0   Data   RW         2937    .data               ms5611.o
    0x200000f8   0x00000048   Data   RW         2985    .data               ultrasonic.o
    0x20000140   0x00000014   Data   RW         3012    .data               hmc5883.o
    0x20000154   0x00000004   PAD
    0x20000158   0x00000058   Data   RW         3046    .data               algorithm_filter.o
    0x200001b0   0x00000096   Data   RW         3155    .data               algorithm_sqlite.o
    0x20000246   0x00000002   PAD
    0x20000248   0x0000000e   Data   RW         3324    .data               multirotor_rc.o
    0x20000256   0x00000002   PAD
    0x20000258   0x00000088   Data   RW         3395    .data               multirotor_ahrs.o
    0x200002e0   0x000000fa   Data   RW         3442    .data               multirotor_radio.o
    0x200003da   0x00000002   PAD
    0x200003dc   0x00000020   Data   RW         3522    .data               multirotor_control.o
    0x200003fc   0x00000005   Data   RW         3567    .data               multirotor_altitute.o
    0x20000401   0x00000003   PAD
    0x20000404   0x00000084   Data   RW         3610    .data               height_ctrl.o
    0x20000488   0x00000012   Data   RW         3690    .data               ano_dt.o
    0x2000049a   0x00000004   Data   RW         3791    .data               stm32f10x_it.o
    0x2000049e   0x00000002   PAD
    0x200004a0   0x00000004   Data   RW         4052    .data               mc_w.l(errno.o)
    0x200004a4   0x00000040   Zero   RW         2809    .bss                pwm_in.o
    0x200004e4   0x00000078   Zero   RW         2892    .bss                mpu6050.o
    0x2000055c   0x00000004   PAD
    0x20000560   0x00000250   Zero   RW         2936    .bss                ms5611.o
    0x200007b0   0x00000024   Zero   RW         3011    .bss                hmc5883.o
    0x200007d4   0x000000c0   Zero   RW         3045    .bss                algorithm_filter.o
    0x20000894   0x0000006c   Zero   RW         3323    .bss                multirotor_rc.o
    0x20000900   0x00000054   Zero   RW         3361    .bss                multirotor_app.o
    0x20000954   0x00000004   PAD
    0x20000958   0x00000108   Zero   RW         3394    .bss                multirotor_ahrs.o
    0x20000a60   0x00000100   Zero   RW         3441    .bss                multirotor_radio.o
    0x20000b60   0x000000ec   Zero   RW         3521    .bss                multirotor_control.o
    0x20000c4c   0x00000170   Zero   RW         3609    .bss                height_ctrl.o
    0x20000dbc   0x000000d8   Zero   RW         3689    .bss                ano_dt.o
    0x20000e94   0x00000200   Zero   RW         3790    .bss                stm32f10x_it.o
    0x20001094   0x00000004   PAD
    0x20001098   0x00002000   Zero   RW          130    STACK               startup_stm32f10x_hd.o


==============================================================================

Image component sizes


      Code (inc. data)   RO Data    RW Data    ZI Data      Debug   Object Name

       592          8          0         88        192       6432   algorithm_filter.o
       336         38          0          0          0       4605   algorithm_math.o
       866          6          0          0          0       3826   algorithm_quaternion.o
      1740        132          0        150          0       5237   algorithm_sqlite.o
      6248        260          0         18        216      13217   ano_dt.o
         0          0          0          0          0         32   core_cm3.o
       208         16          0          4          0       2507   delay.o
      1288         86          0          8          0       8398   eeprom.o
      4744        624          0        132        368      10391   height_ctrl.o
      1048         70          0         20         36       2570   hmc5883.o
       896         42          0          0          0      10487   i2c.o
       644         56          0          5          0     223307   led.o
        28          4          0          0          0        495   main.o
       132         22          0          0          0       1847   misc.o
       592         32          0          0          0       3590   moto.o
      1324         60          0         14        120       5898   mpu6050.o
      1188        152          0        160        592       5682   ms5611.o
      1596        130          0        136        264       4454   multirotor_ahrs.o
        48          8          0          5          0       1094   multirotor_altitute.o
       344         24          0          0         84       4289   multirotor_app.o
      2276        172          0         32        236       6456   multirotor_control.o
       300         40          0        250        256       5538   multirotor_radio.o
       936         88          0         14        108       5225   multirotor_rc.o
        44          0          0          0          0        673   mymath.o
      1432         84          0         25         64       3549   pwm_in.o
        36          8        304          0       8192        940   startup_stm32f10x_hd.o
       462         18          0          0          0       5113   stm32f10x_dma.o
       254         24          0          0          0       3405   stm32f10x_flash.o
       448          6          0          0          0       5062   stm32f10x_gpio.o
       240         34          0          4        512       6398   stm32f10x_it.o
       372         50          0         20          0       6904   stm32f10x_rcc.o
      2440        264          0          0          0      24796   stm32f10x_tim.o
       446          6          0          0          0       6335   stm32f10x_usart.o
       328         28          0          0          0     272633   system_stm32f10x.o
       232          4          0          0          0       1210   time.o
        84         12          0         72          0       2298   ultrasonic.o
       252         26          0          6          0       2145   usart.o

    ----------------------------------------------------------------------
     34484       2638        336       1184      11252     677038   Object Totals
         0          0         32          0          0          0   (incl. Generated)
        40          4          0         21         12          0   (incl. Padding)

    ----------------------------------------------------------------------

      Code (inc. data)   RO Data    RW Data    ZI Data      Debug   Library Member Name

       292         38          0          0          0        120   asinf.o
       544         70        152          0          0        124   atan.o
       384         38          0          0          0        144   atan2.o
       604         76          0          0          0        116   atan2f.o
       156          8          0          0          0        104   cos.o
       252         22         48          0          0        124   cos_i.o
        38          6          0          0          0        272   dunder.o
        40          0          0          0          0         68   fpclassify.o
        38          0          0          0          0         68   fpclassifyf.o
        28          0          0          0          0        272   funder.o
       170          0          0          0          0         96   poly.o
         0          0          8          0          0          0   qnan.o
       904         76        200          0          0        140   rred.o
       160         10          0          0          0        108   sin.o
       236         12         40          0          0        128   sin_i.o
        44          0          0          0          0         80   sqrtf.o
        86          0          0          0          0          0   __dczerorl2.o
         0          0          0          0          0          0   entry.o
         0          0          0          0          0          0   entry10a.o
         0          0          0          0          0          0   entry11a.o
         8          4          0          0          0          0   entry2.o
         4          0          0          0          0          0   entry5.o
         0          0          0          0          0          0   entry7b.o
         0          0          0          0          0          0   entry8b.o
         8          4          0          0          0          0   entry9a.o
        12          6          0          4          0         68   errno.o
        30          0          0          0          0          0   handlers.o
        36          8          0          0          0         68   init.o
         0          0          0          0          0          0   iusefp.o
        30          0          0          0          0         68   llshl.o
        36          0          0          0          0         68   llsshr.o
        32          0          0          0          0         68   llushr.o
        98          0          0          0          0         92   uldiv.o
        20          0          0          0          0         68   cfcmple.o
        20          0          0          0          0         68   cfrcmple.o
        56          0          0          0          0         88   d2f.o
       334          0          0          0          0        148   dadd.o
       222          0          0          0          0        100   ddiv.o
       186          0          0          0          0        176   depilogue.o
        62          0          0          0          0         80   dfixi.o
        50          0          0          0          0         76   dfixui.o
        34          0          0          0          0         76   dflti.o
        26          0          0          0          0         76   dfltui.o
        24          0          0          0          0         76   dfltul.o
       228          0          0          0          0         96   dmul.o
        46          0          0          0          0         80   dscalb.o
        38          0          0          0          0         68   f2d.o
       176          0          0          0          0        140   fadd.o
       124          0          0          0          0         88   fdiv.o
       110          0          0          0          0        168   fepilogue.o
        50          0          0          0          0         68   ffixi.o
        40          0          0          0          0         68   ffixui.o
        18          0          0          0          0         68   fflti.o
        10          0          0          0          0         68   ffltui.o
        28          0          0          0          0         84   ffltul.o
       100          0          0          0          0         76   fmul.o
        24          0          0          0          0         68   fscalb.o
        94          0          0          0          0         96   fsqrt.o

    ----------------------------------------------------------------------
      6404        378        448          4          0       4664   Library Totals
        14          0          0          0          0          0   (incl. Padding)

    ----------------------------------------------------------------------

      Code (inc. data)   RO Data    RW Data    ZI Data      Debug   Library Name

      3890        356        448          0          0       1964   m_ws.l
       380         22          0          4          0        432   mc_w.l
      2120          0          0          0          0       2268   mf_w.l

    ----------------------------------------------------------------------
      6404        378        448          4          0       4664   Library Totals

    ----------------------------------------------------------------------

==============================================================================


      Code (inc. data)   RO Data    RW Data    ZI Data      Debug   

     40888       3016        784       1188      11252     669246   Grand Totals
     40888       3016        784        264      11252     669246   ELF Image Totals (compressed)
     40888       3016        784        264          0          0   ROM Totals

==============================================================================

    Total RO  Size (Code + RO Data)                41672 (  40.70kB)
    Total RW  Size (RW Data + ZI Data)             12440 (  12.15kB)
    Total ROM Size (Code + RO Data + RW Data)      41936 (  40.95kB)

==============================================================================

