<html>
<body>
<pre>
<h1>礦ision Build Log</h1>
<h2>Tool Versions:</h2>
IDE-Version: μVision V5.14.0.0
Copyright (C) 2015 ARM Ltd and ARM Germany GmbH. All rights reserved.
License Information: 321 Administrator, 3213, LIC=FQQBS-LBF1Q-66QQS-L4ZHR-CLL2D-97CKH
 
Tool Versions:
Toolchain:       MDK-ARM Professional  Version: 5.14.0.0
Toolchain Path:  C:\Keil_v5\ARM\ARMCC\Bin
C Compiler:      Armcc.exe V5.05 update 1 (build 106)
Assembler:       Armasm.exe V5.05 update 1 (build 106)
Linker/Locator:  ArmLink.exe V5.05 update 1 (build 106)
Library Manager: ArmAr.exe V5.05 update 1 (build 106)
Hex Converter:   FromElf.exe V5.05 update 1 (build 106)
CPU DLL:         SARMCM3.DLL V5.14.0.0
Dialog DLL:      DCM.DLL V1.13.1.0
Target DLL:      STLink\ST-LINKIII-KEIL_SWO.dll V2.0.14.0_KEIL
Dialog DLL:      TCM.DLL V1.14.4.0
 
<h2>Project:</h2>
C:\Users\Administrator\Desktop\机器人课飞控\机器人课无人机原始程序 - 副本\Project\MDK-ARM(uV5)\project.uvprojx
Project File Date:  05/18/2019

<h2>Output:</h2>
Build target 'Flash'
compiling system_stm32f10x.c...
compiling core_cm3.c...
assembling startup_stm32f10x_hd.s...
compiling stm32f10x_rcc.c...
compiling misc.c...
compiling stm32f10x_usart.c...
compiling stm32f10x_gpio.c...
compiling stm32f10x_fsmc.c...
compiling stm32f10x_spi.c...
compiling stm32f10x_tim.c...
compiling stm32f10x_adc.c...
compiling stm32f10x_dma.c...
compiling stm32f10x_flash.c...
compiling stm32f10x_i2c.c...
compiling stm32f10x_exti.c...
compiling led.c...
compiling I2C.c...
compiling time.c...
compiling moto.c...
compiling usart.c...
compiling delay.c...
compiling eeprom.c...
compiling pwm_in.c...
compiling stmflash.c...
compiling mpu6050.c...
compiling MS5611.c...
compiling Ultrasonic.c...
compiling hmc5883.c...
compiling Algorithm_filter.c...
compiling Algorithm_math.c...
compiling Algorithm_sqLite.c...
compiling Algorithm_quaternion.c...
compiling mymath.c...
compiling MultiRotor_rc.c...
compiling MultiRotor_app.c...
compiling MultiRotor_ahrs.c...
compiling MultiRotor_radio.c...
compiling MultiRotor_control.c...
compiling MultiRotor_altitute.c...
compiling height_ctrl.c...
compiling ANO_DT.c...
compiling main.c...
compiling stm32f10x_it.c...
linking...
Program Size: Code=40888 RO-data=784 RW-data=1188 ZI-data=11252  
FromELF: creating hex file...
".\Flash\Obj\MultiRotor_4.axf" - 0 Error(s), 0 Warning(s).

<h2>Collection of Component include folders:</h2>
  C:\Users\Administrator\Desktop\机器人课飞控\机器人课无人机原始程序 - 副本\Project\MDK-ARM(uV5)\RTE
  C:\Keil_v5\ARM\PACK\Keil\STM32F1xx_DFP\1.0.5\Device\Include

<h2>Collection of Component Files used:</h2>
</pre>
</body>
</html>
